Archive member included to satisfy reference by file (symbol)

c:/program files (x86)/atmel/studio/7.0/toolchain/avr8/avr8-gnu-toolchain/bin/../lib/gcc/avr/5.4.0/avr5\libgcc.a(_udivmodhi4.o)
                              MCAL/Timer/Timer.o (__udivmodhi4)
c:/program files (x86)/atmel/studio/7.0/toolchain/avr8/avr8-gnu-toolchain/bin/../lib/gcc/avr/5.4.0/avr5\libgcc.a(_divmodhi4.o)
                              MCAL/Timer/Timer.o (__divmodhi4)
c:/program files (x86)/atmel/studio/7.0/toolchain/avr8/avr8-gnu-toolchain/bin/../lib/gcc/avr/5.4.0/avr5\libgcc.a(_udivmodsi4.o)
                              MCAL/Timer/Timer.o (__udivmodsi4)
c:/program files (x86)/atmel/studio/7.0/toolchain/avr8/avr8-gnu-toolchain/bin/../lib/gcc/avr/5.4.0/avr5\libgcc.a(_divmodsi4.o)
                              HAL/LCD/lcd.o (__divmodsi4)
c:/program files (x86)/atmel/studio/7.0/toolchain/avr8/avr8-gnu-toolchain/bin/../lib/gcc/avr/5.4.0/avr5\libgcc.a(_negsi2.o)
                              c:/program files (x86)/atmel/studio/7.0/toolchain/avr8/avr8-gnu-toolchain/bin/../lib/gcc/avr/5.4.0/avr5\libgcc.a(_divmodsi4.o) (__negsi2)
c:/program files (x86)/atmel/studio/7.0/toolchain/avr8/avr8-gnu-toolchain/bin/../lib/gcc/avr/5.4.0/avr5\libgcc.a(_exit.o)
                              C:/Program Files (x86)/Atmel/Studio/7.0/Packs/atmel/ATmega_DFP/1.7.374/gcc/dev/atmega32/avr5/crtatmega32.o (exit)
c:/program files (x86)/atmel/studio/7.0/toolchain/avr8/avr8-gnu-toolchain/bin/../lib/gcc/avr/5.4.0/avr5\libgcc.a(_tablejump2.o)
                              HAL/7SEG/sevensegment.o (__tablejump2__)
c:/program files (x86)/atmel/studio/7.0/toolchain/avr8/avr8-gnu-toolchain/bin/../lib/gcc/avr/5.4.0/avr5\libgcc.a(_copy_data.o)
                              APP/Password.o (__do_copy_data)
c:/program files (x86)/atmel/studio/7.0/toolchain/avr8/avr8-gnu-toolchain/bin/../lib/gcc/avr/5.4.0/avr5\libgcc.a(_clear_bss.o)
                              HAL/UltraSonic/ultrasonic.o (__do_clear_bss)
c:/program files (x86)/atmel/studio/7.0/toolchain/avr8/avr8-gnu-toolchain/bin/../lib/gcc/avr/5.4.0/avr5\libgcc.a(_umulhisi3.o)
                              HAL/7SEG/sevensegment.o (__umulhisi3)
c:/program files (x86)/atmel/studio/7.0/toolchain/avr8/avr8-gnu-toolchain/bin/../lib/gcc/avr/5.4.0/avr5\libgcc.a(_muluhisi3.o)
                              MCAL/Timer/Timer.o (__muluhisi3)

Allocating common symbols
Common symbol       size              file

uart_str            0x64              MCAL/UART/uart.o
t2                  0x2               HAL/UltraSonic/ultrasonic.o
t1                  0x2               HAL/UltraSonic/ultrasonic.o

Discarded input sections

 .data          0x00000000        0x0 C:/Program Files (x86)/Atmel/Studio/7.0/Packs/atmel/ATmega_DFP/1.7.374/gcc/dev/atmega32/avr5/crtatmega32.o
 .bss           0x00000000        0x0 C:/Program Files (x86)/Atmel/Studio/7.0/Packs/atmel/ATmega_DFP/1.7.374/gcc/dev/atmega32/avr5/crtatmega32.o
 .text          0x00000000        0x0 APP/Password.o
 .data          0x00000000        0x0 APP/Password.o
 .bss           0x00000000        0x0 APP/Password.o
 .rodata.str1.1
                0x00000000       0x38 APP/Password.o
 .text.get_id   0x00000000       0x8e APP/Password.o
 .text.get_pass
                0x00000000       0x94 APP/Password.o
 .text.confirm_id_pass
                0x00000000       0x68 APP/Password.o
 .text.app      0x00000000       0x4c APP/Password.o
 .data.index    0x00000000        0x1 APP/Password.o
 .data.data_base
                0x00000000       0x38 APP/Password.o
 .debug_info    0x00000000      0x375 APP/Password.o
 .debug_abbrev  0x00000000      0x15b APP/Password.o
 .debug_loc     0x00000000      0x2ec APP/Password.o
 .debug_aranges
                0x00000000       0x38 APP/Password.o
 .debug_ranges  0x00000000       0x28 APP/Password.o
 .debug_line    0x00000000      0x22d APP/Password.o
 .debug_str     0x00000000      0x218 APP/Password.o
 .comment       0x00000000       0x31 APP/Password.o
 .debug_frame   0x00000000       0xb8 APP/Password.o
 .text          0x00000000        0x0 GI/GIE.o
 .data          0x00000000        0x0 GI/GIE.o
 .bss           0x00000000        0x0 GI/GIE.o
 .text.enable   0x00000000        0x8 GI/GIE.o
 .text.disable  0x00000000        0x8 GI/GIE.o
 .debug_info    0x00000000       0x56 GI/GIE.o
 .debug_abbrev  0x00000000       0x2e GI/GIE.o
 .debug_aranges
                0x00000000       0x28 GI/GIE.o
 .debug_ranges  0x00000000       0x18 GI/GIE.o
 .debug_line    0x00000000       0x55 GI/GIE.o
 .debug_str     0x00000000       0xff GI/GIE.o
 .comment       0x00000000       0x31 GI/GIE.o
 .debug_frame   0x00000000       0x34 GI/GIE.o
 .text          0x00000000        0x0 HAL/7SEG/sevensegment.o
 .data          0x00000000        0x0 HAL/7SEG/sevensegment.o
 .bss           0x00000000        0x0 HAL/7SEG/sevensegment.o
 .text.sevseg_num
                0x00000000      0x208 HAL/7SEG/sevensegment.o
 .progmem.gcc_sw_table.sevseg_num
                0x00000000       0x14 HAL/7SEG/sevensegment.o
 .text.sevseg_4num
                0x00000000      0x1cc HAL/7SEG/sevensegment.o
 .text          0x00000000        0x0 HAL/EEPROM/eeprom.o
 .data          0x00000000        0x0 HAL/EEPROM/eeprom.o
 .bss           0x00000000        0x0 HAL/EEPROM/eeprom.o
 .debug_info    0x00000000       0x56 HAL/EEPROM/eeprom.o
 .debug_abbrev  0x00000000       0x1b HAL/EEPROM/eeprom.o
 .debug_aranges
                0x00000000       0x18 HAL/EEPROM/eeprom.o
 .debug_line    0x00000000       0x1a HAL/EEPROM/eeprom.o
 .debug_str     0x00000000      0x15a HAL/EEPROM/eeprom.o
 .comment       0x00000000       0x31 HAL/EEPROM/eeprom.o
 .text          0x00000000        0x0 HAL/KeyPad/keypad.o
 .data          0x00000000        0x0 HAL/KeyPad/keypad.o
 .bss           0x00000000        0x0 HAL/KeyPad/keypad.o
 .text.keypad_getkey
                0x00000000       0x96 HAL/KeyPad/keypad.o
 .text.keypad_getkey_char
                0x00000000       0x96 HAL/KeyPad/keypad.o
 .data.keys2    0x00000000       0x10 HAL/KeyPad/keypad.o
 .data.keys     0x00000000       0x10 HAL/KeyPad/keypad.o
 .data.output   0x00000000        0x4 HAL/KeyPad/keypad.o
 .data.input    0x00000000        0x4 HAL/KeyPad/keypad.o
 .text          0x00000000        0x0 HAL/LCD/lcd.o
 .data          0x00000000        0x0 HAL/LCD/lcd.o
 .bss           0x00000000        0x0 HAL/LCD/lcd.o
 .text.H_LCD_void_sendString
                0x00000000       0x2c HAL/LCD/lcd.o
 .text.H_LCD_void_sendIntNum
                0x00000000       0xd6 HAL/LCD/lcd.o
 .text.H_LCD_void_creatCustomChar
                0x00000000       0x3e HAL/LCD/lcd.o
 .text.H_LCD_void_displayCustomChar
                0x00000000        0x6 HAL/LCD/lcd.o
 .text.H_LCD_void_gotoXY
                0x00000000       0x1c HAL/LCD/lcd.o
 .text.H_LCD_void_clear
                0x00000000       0x14 HAL/LCD/lcd.o
 .text          0x00000000        0x0 HAL/UltraSonic/ultrasonic.o
 .data          0x00000000        0x0 HAL/UltraSonic/ultrasonic.o
 .bss           0x00000000        0x0 HAL/UltraSonic/ultrasonic.o
 .text.f1       0x00000000       0x3e HAL/UltraSonic/ultrasonic.o
 .text.UltraSonic_init
                0x00000000       0x26 HAL/UltraSonic/ultrasonic.o
 .text.ultrasonic_getdistance
                0x00000000       0x60 HAL/UltraSonic/ultrasonic.o
 .bss.ultrasonic_flag
                0x00000000        0x1 HAL/UltraSonic/ultrasonic.o
 .debug_info    0x00000000      0x46e HAL/UltraSonic/ultrasonic.o
 .debug_abbrev  0x00000000      0x229 HAL/UltraSonic/ultrasonic.o
 .debug_loc     0x00000000       0x6c HAL/UltraSonic/ultrasonic.o
 .debug_aranges
                0x00000000       0x30 HAL/UltraSonic/ultrasonic.o
 .debug_ranges  0x00000000       0x20 HAL/UltraSonic/ultrasonic.o
 .debug_line    0x00000000      0x295 HAL/UltraSonic/ultrasonic.o
 .debug_str     0x00000000      0x2fb HAL/UltraSonic/ultrasonic.o
 .comment       0x00000000       0x31 HAL/UltraSonic/ultrasonic.o
 .debug_frame   0x00000000       0x44 HAL/UltraSonic/ultrasonic.o
 COMMON         0x00000000        0x4 HAL/UltraSonic/ultrasonic.o
 .text          0x00000000        0x0 main.o
 .data          0x00000000        0x0 main.o
 .bss           0x00000000        0x0 main.o
 .text.f1       0x00000000        0x2 main.o
 .text.f2       0x00000000       0x1a main.o
 .text.f3       0x00000000        0x2 main.o
 .text          0x00000000        0x0 MCAL/ADC/adc.o
 .data          0x00000000        0x0 MCAL/ADC/adc.o
 .bss           0x00000000        0x0 MCAL/ADC/adc.o
 .text.ADC_getDigitalValueSynchBlocking
                0x00000000       0x1c MCAL/ADC/adc.o
 .text.ADC_getDigitalValueSynchNonBlocking
                0x00000000       0x22 MCAL/ADC/adc.o
 .text.ADC_SetCallBack
                0x00000000       0x1a MCAL/ADC/adc.o
 .text.ADC_getDigitalValueAsynchCallBack
                0x00000000       0x28 MCAL/ADC/adc.o
 .text          0x00000000        0x0 MCAL/DIO/Dio.o
 .data          0x00000000        0x0 MCAL/DIO/Dio.o
 .bss           0x00000000        0x0 MCAL/DIO/Dio.o
 .text.DIO_GetPinValue
                0x00000000       0x6e MCAL/DIO/Dio.o
 .progmem.gcc_sw_table.DIO_GetPinValue
                0x00000000       0x10 MCAL/DIO/Dio.o
 .text.DIO_SetPortDirection
                0x00000000        0x6 MCAL/DIO/Dio.o
 .text.DIO_voidSetPortValue
                0x00000000        0x6 MCAL/DIO/Dio.o
 .text.DIO_GetPortValue
                0x00000000        0x6 MCAL/DIO/Dio.o
 .text.DIO_Toggle_pin
                0x00000000       0x30 MCAL/DIO/Dio.o
 .text          0x00000000        0x0 MCAL/EXT_INT/EXTINT.o
 .data          0x00000000        0x0 MCAL/EXT_INT/EXTINT.o
 .bss           0x00000000        0x0 MCAL/EXT_INT/EXTINT.o
 .text.EXT_voidEnable
                0x00000000       0x66 MCAL/EXT_INT/EXTINT.o
 .text.EXT_voidDisable
                0x00000000       0x18 MCAL/EXT_INT/EXTINT.o
 .text.EXTINT_setcallback
                0x00000000       0x2c MCAL/EXT_INT/EXTINT.o
 .text          0x00000000        0x0 MCAL/IIC/IIC.o
 .data          0x00000000        0x0 MCAL/IIC/IIC.o
 .bss           0x00000000        0x0 MCAL/IIC/IIC.o
 .text.I2C__NoACK
                0x00000000       0x12 MCAL/IIC/IIC.o
 .text.I2C_getStatus
                0x00000000        0xa MCAL/IIC/IIC.o
 .text          0x00000000        0x0 MCAL/SPI/spi.o
 .data          0x00000000        0x0 MCAL/SPI/spi.o
 .bss           0x00000000        0x0 MCAL/SPI/spi.o
 .text.SPI_init
                0x00000000       0x4e MCAL/SPI/spi.o
 .text.SPI_SendReceive
                0x00000000        0xe MCAL/SPI/spi.o
 .debug_info    0x00000000      0x2da MCAL/SPI/spi.o
 .debug_abbrev  0x00000000      0x11e MCAL/SPI/spi.o
 .debug_loc     0x00000000       0x73 MCAL/SPI/spi.o
 .debug_aranges
                0x00000000       0x28 MCAL/SPI/spi.o
 .debug_ranges  0x00000000       0x18 MCAL/SPI/spi.o
 .debug_line    0x00000000      0x12b MCAL/SPI/spi.o
 .debug_str     0x00000000      0x308 MCAL/SPI/spi.o
 .comment       0x00000000       0x31 MCAL/SPI/spi.o
 .debug_frame   0x00000000       0x34 MCAL/SPI/spi.o
 .text          0x00000000        0x0 MCAL/Timer/Timer.o
 .data          0x00000000        0x0 MCAL/Timer/Timer.o
 .bss           0x00000000        0x0 MCAL/Timer/Timer.o
 .text.Timer0_delay
                0x00000000       0x30 MCAL/Timer/Timer.o
 .text.OVF_duty_callback
                0x00000000       0x14 MCAL/Timer/Timer.o
 .text.Timer0_Init
                0x00000000       0x9a MCAL/Timer/Timer.o
 .text.Timer0_start
                0x00000000        0xe MCAL/Timer/Timer.o
 .text.Timer0_stop
                0x00000000        0x8 MCAL/Timer/Timer.o
 .text.setFastPWM
                0x00000000       0x16 MCAL/Timer/Timer.o
 .text.setphaseCorrectPWM
                0x00000000       0x2c MCAL/Timer/Timer.o
 .text.Timer0_GetCounts
                0x00000000       0x24 MCAL/Timer/Timer.o
 .text.Timer0_EnableInt
                0x00000000       0x1a MCAL/Timer/Timer.o
 .text.Timer0_DisableInt
                0x00000000       0x1a MCAL/Timer/Timer.o
 .text.Timer0_setCallBack
                0x00000000       0x2a MCAL/Timer/Timer.o
 .text.Timer0_setDelayTimeMilliSec
                0x00000000       0x92 MCAL/Timer/Timer.o
 .text.Timer1_Init
                0x00000000       0x5e MCAL/Timer/Timer.o
 .text.Timer1_InputCaptureEdge
                0x00000000       0x18 MCAL/Timer/Timer.o
 .text.duty_callback
                0x00000000       0xc0 MCAL/Timer/Timer.o
 .text.ICU_TakeReading
                0x00000000        0x6 MCAL/Timer/Timer.o
 .text.duty_calculate_Blocking
                0x00000000       0xb4 MCAL/Timer/Timer.o
 .text.Timer1_ICU_InterruptEnable
                0x00000000        0x8 MCAL/Timer/Timer.o
 .text.Timer1_ICU_InterruptDisable
                0x00000000        0x8 MCAL/Timer/Timer.o
 .text.Timer1_OVF_InterruptEnable
                0x00000000        0x8 MCAL/Timer/Timer.o
 .text.Timer1_OVF_InterruptDisable
                0x00000000        0x8 MCAL/Timer/Timer.o
 .text.Timer1_OCA_InterruptEnable
                0x00000000        0x8 MCAL/Timer/Timer.o
 .text.Timer1_OCA_InterruptDisable
                0x00000000        0x8 MCAL/Timer/Timer.o
 .text.Timer1_OCB_InterruptEnable
                0x00000000        0x8 MCAL/Timer/Timer.o
 .text.Timer1_OCB_InterruptDisable
                0x00000000        0x8 MCAL/Timer/Timer.o
 .text.Timer1_OVF_SetCallBack
                0x00000000        0xa MCAL/Timer/Timer.o
 .text.Timer1_OCA_SetCallBack
                0x00000000        0xa MCAL/Timer/Timer.o
 .text.Timer1_OCB_SetCallBack
                0x00000000        0xa MCAL/Timer/Timer.o
 .text.Timer1_ICU_SetCallBack
                0x00000000        0xa MCAL/Timer/Timer.o
 .text.duty_calculate
                0x00000000       0xca MCAL/Timer/Timer.o
 .bss.c.1743    0x00000000        0x2 MCAL/Timer/Timer.o
 .bss.icu_ovf   0x00000000        0x2 MCAL/Timer/Timer.o
 .bss.icuflag   0x00000000        0x2 MCAL/Timer/Timer.o
 .bss.ovf2      0x00000000        0x2 MCAL/Timer/Timer.o
 .bss.ovf1      0x00000000        0x2 MCAL/Timer/Timer.o
 .bss.t3        0x00000000        0x2 MCAL/Timer/Timer.o
 .bss.t2        0x00000000        0x2 MCAL/Timer/Timer.o
 .bss.t1        0x00000000        0x2 MCAL/Timer/Timer.o
 .bss.ov_flag   0x00000000        0x1 MCAL/Timer/Timer.o
 .bss.OVF_Num   0x00000000        0x2 MCAL/Timer/Timer.o
 .text          0x00000000        0x0 MCAL/UART/uart.o
 .data          0x00000000        0x0 MCAL/UART/uart.o
 .bss           0x00000000        0x0 MCAL/UART/uart.o
 .text.ReciveDataNoBlock_callback
                0x00000000       0x54 MCAL/UART/uart.o
 .text.Uart_Init
                0x00000000       0x10 MCAL/UART/uart.o
 .text.Uart_SendData
                0x00000000        0x8 MCAL/UART/uart.o
 .text.Uart_RecieveData
                0x00000000        0xc MCAL/UART/uart.o
 .text.Uart_SendString
                0x00000000       0x2c MCAL/UART/uart.o
 .text.Uart_RX_InterruptEnable
                0x00000000        0x8 MCAL/UART/uart.o
 .text.Uart_RX_InterruptDisable
                0x00000000        0x8 MCAL/UART/uart.o
 .text.Uart_TX_InterruptEnable
                0x00000000        0x8 MCAL/UART/uart.o
 .text.Uart_TX_InterruptDisable
                0x00000000        0x8 MCAL/UART/uart.o
 .text.Uart_RX_SetCallBack
                0x00000000        0xe MCAL/UART/uart.o
 .text.ReciveString_NOBLOCK
                0x00000000       0x52 MCAL/UART/uart.o
 .text.Uart_TX_SetCallBack
                0x00000000        0xe MCAL/UART/uart.o
 .bss.i.1641    0x00000000        0x2 MCAL/UART/uart.o
 .bss.uart_flag
                0x00000000        0x1 MCAL/UART/uart.o
 COMMON         0x00000000       0x64 MCAL/UART/uart.o
 .text          0x00000000        0x0 c:/program files (x86)/atmel/studio/7.0/toolchain/avr8/avr8-gnu-toolchain/bin/../lib/gcc/avr/5.4.0/avr5\libgcc.a(_udivmodhi4.o)
 .data          0x00000000        0x0 c:/program files (x86)/atmel/studio/7.0/toolchain/avr8/avr8-gnu-toolchain/bin/../lib/gcc/avr/5.4.0/avr5\libgcc.a(_udivmodhi4.o)
 .bss           0x00000000        0x0 c:/program files (x86)/atmel/studio/7.0/toolchain/avr8/avr8-gnu-toolchain/bin/../lib/gcc/avr/5.4.0/avr5\libgcc.a(_udivmodhi4.o)
 .text.libgcc.mul
                0x00000000        0x0 c:/program files (x86)/atmel/studio/7.0/toolchain/avr8/avr8-gnu-toolchain/bin/../lib/gcc/avr/5.4.0/avr5\libgcc.a(_udivmodhi4.o)
 .text.libgcc.div
                0x00000000       0x28 c:/program files (x86)/atmel/studio/7.0/toolchain/avr8/avr8-gnu-toolchain/bin/../lib/gcc/avr/5.4.0/avr5\libgcc.a(_udivmodhi4.o)
 .text.libgcc   0x00000000        0x0 c:/program files (x86)/atmel/studio/7.0/toolchain/avr8/avr8-gnu-toolchain/bin/../lib/gcc/avr/5.4.0/avr5\libgcc.a(_udivmodhi4.o)
 .text.libgcc.prologue
                0x00000000        0x0 c:/program files (x86)/atmel/studio/7.0/toolchain/avr8/avr8-gnu-toolchain/bin/../lib/gcc/avr/5.4.0/avr5\libgcc.a(_udivmodhi4.o)
 .text.libgcc.builtins
                0x00000000        0x0 c:/program files (x86)/atmel/studio/7.0/toolchain/avr8/avr8-gnu-toolchain/bin/../lib/gcc/avr/5.4.0/avr5\libgcc.a(_udivmodhi4.o)
 .text.libgcc.fmul
                0x00000000        0x0 c:/program files (x86)/atmel/studio/7.0/toolchain/avr8/avr8-gnu-toolchain/bin/../lib/gcc/avr/5.4.0/avr5\libgcc.a(_udivmodhi4.o)
 .text.libgcc.fixed
                0x00000000        0x0 c:/program files (x86)/atmel/studio/7.0/toolchain/avr8/avr8-gnu-toolchain/bin/../lib/gcc/avr/5.4.0/avr5\libgcc.a(_udivmodhi4.o)
 .text          0x00000000        0x0 c:/program files (x86)/atmel/studio/7.0/toolchain/avr8/avr8-gnu-toolchain/bin/../lib/gcc/avr/5.4.0/avr5\libgcc.a(_divmodhi4.o)
 .data          0x00000000        0x0 c:/program files (x86)/atmel/studio/7.0/toolchain/avr8/avr8-gnu-toolchain/bin/../lib/gcc/avr/5.4.0/avr5\libgcc.a(_divmodhi4.o)
 .bss           0x00000000        0x0 c:/program files (x86)/atmel/studio/7.0/toolchain/avr8/avr8-gnu-toolchain/bin/../lib/gcc/avr/5.4.0/avr5\libgcc.a(_divmodhi4.o)
 .text.libgcc.mul
                0x00000000        0x0 c:/program files (x86)/atmel/studio/7.0/toolchain/avr8/avr8-gnu-toolchain/bin/../lib/gcc/avr/5.4.0/avr5\libgcc.a(_divmodhi4.o)
 .text.libgcc.div
                0x00000000       0x28 c:/program files (x86)/atmel/studio/7.0/toolchain/avr8/avr8-gnu-toolchain/bin/../lib/gcc/avr/5.4.0/avr5\libgcc.a(_divmodhi4.o)
 .text.libgcc   0x00000000        0x0 c:/program files (x86)/atmel/studio/7.0/toolchain/avr8/avr8-gnu-toolchain/bin/../lib/gcc/avr/5.4.0/avr5\libgcc.a(_divmodhi4.o)
 .text.libgcc.prologue
                0x00000000        0x0 c:/program files (x86)/atmel/studio/7.0/toolchain/avr8/avr8-gnu-toolchain/bin/../lib/gcc/avr/5.4.0/avr5\libgcc.a(_divmodhi4.o)
 .text.libgcc.builtins
                0x00000000        0x0 c:/program files (x86)/atmel/studio/7.0/toolchain/avr8/avr8-gnu-toolchain/bin/../lib/gcc/avr/5.4.0/avr5\libgcc.a(_divmodhi4.o)
 .text.libgcc.fmul
                0x00000000        0x0 c:/program files (x86)/atmel/studio/7.0/toolchain/avr8/avr8-gnu-toolchain/bin/../lib/gcc/avr/5.4.0/avr5\libgcc.a(_divmodhi4.o)
 .text.libgcc.fixed
                0x00000000        0x0 c:/program files (x86)/atmel/studio/7.0/toolchain/avr8/avr8-gnu-toolchain/bin/../lib/gcc/avr/5.4.0/avr5\libgcc.a(_divmodhi4.o)
 .text          0x00000000        0x0 c:/program files (x86)/atmel/studio/7.0/toolchain/avr8/avr8-gnu-toolchain/bin/../lib/gcc/avr/5.4.0/avr5\libgcc.a(_udivmodsi4.o)
 .data          0x00000000        0x0 c:/program files (x86)/atmel/studio/7.0/toolchain/avr8/avr8-gnu-toolchain/bin/../lib/gcc/avr/5.4.0/avr5\libgcc.a(_udivmodsi4.o)
 .bss           0x00000000        0x0 c:/program files (x86)/atmel/studio/7.0/toolchain/avr8/avr8-gnu-toolchain/bin/../lib/gcc/avr/5.4.0/avr5\libgcc.a(_udivmodsi4.o)
 .text.libgcc.mul
                0x00000000        0x0 c:/program files (x86)/atmel/studio/7.0/toolchain/avr8/avr8-gnu-toolchain/bin/../lib/gcc/avr/5.4.0/avr5\libgcc.a(_udivmodsi4.o)
 .text.libgcc.div
                0x00000000       0x44 c:/program files (x86)/atmel/studio/7.0/toolchain/avr8/avr8-gnu-toolchain/bin/../lib/gcc/avr/5.4.0/avr5\libgcc.a(_udivmodsi4.o)
 .text.libgcc   0x00000000        0x0 c:/program files (x86)/atmel/studio/7.0/toolchain/avr8/avr8-gnu-toolchain/bin/../lib/gcc/avr/5.4.0/avr5\libgcc.a(_udivmodsi4.o)
 .text.libgcc.prologue
                0x00000000        0x0 c:/program files (x86)/atmel/studio/7.0/toolchain/avr8/avr8-gnu-toolchain/bin/../lib/gcc/avr/5.4.0/avr5\libgcc.a(_udivmodsi4.o)
 .text.libgcc.builtins
                0x00000000        0x0 c:/program files (x86)/atmel/studio/7.0/toolchain/avr8/avr8-gnu-toolchain/bin/../lib/gcc/avr/5.4.0/avr5\libgcc.a(_udivmodsi4.o)
 .text.libgcc.fmul
                0x00000000        0x0 c:/program files (x86)/atmel/studio/7.0/toolchain/avr8/avr8-gnu-toolchain/bin/../lib/gcc/avr/5.4.0/avr5\libgcc.a(_udivmodsi4.o)
 .text.libgcc.fixed
                0x00000000        0x0 c:/program files (x86)/atmel/studio/7.0/toolchain/avr8/avr8-gnu-toolchain/bin/../lib/gcc/avr/5.4.0/avr5\libgcc.a(_udivmodsi4.o)
 .text          0x00000000        0x0 c:/program files (x86)/atmel/studio/7.0/toolchain/avr8/avr8-gnu-toolchain/bin/../lib/gcc/avr/5.4.0/avr5\libgcc.a(_divmodsi4.o)
 .data          0x00000000        0x0 c:/program files (x86)/atmel/studio/7.0/toolchain/avr8/avr8-gnu-toolchain/bin/../lib/gcc/avr/5.4.0/avr5\libgcc.a(_divmodsi4.o)
 .bss           0x00000000        0x0 c:/program files (x86)/atmel/studio/7.0/toolchain/avr8/avr8-gnu-toolchain/bin/../lib/gcc/avr/5.4.0/avr5\libgcc.a(_divmodsi4.o)
 .text.libgcc.mul
                0x00000000        0x0 c:/program files (x86)/atmel/studio/7.0/toolchain/avr8/avr8-gnu-toolchain/bin/../lib/gcc/avr/5.4.0/avr5\libgcc.a(_divmodsi4.o)
 .text.libgcc.div
                0x00000000       0x2e c:/program files (x86)/atmel/studio/7.0/toolchain/avr8/avr8-gnu-toolchain/bin/../lib/gcc/avr/5.4.0/avr5\libgcc.a(_divmodsi4.o)
 .text.libgcc   0x00000000        0x0 c:/program files (x86)/atmel/studio/7.0/toolchain/avr8/avr8-gnu-toolchain/bin/../lib/gcc/avr/5.4.0/avr5\libgcc.a(_divmodsi4.o)
 .text.libgcc.prologue
                0x00000000        0x0 c:/program files (x86)/atmel/studio/7.0/toolchain/avr8/avr8-gnu-toolchain/bin/../lib/gcc/avr/5.4.0/avr5\libgcc.a(_divmodsi4.o)
 .text.libgcc.builtins
                0x00000000        0x0 c:/program files (x86)/atmel/studio/7.0/toolchain/avr8/avr8-gnu-toolchain/bin/../lib/gcc/avr/5.4.0/avr5\libgcc.a(_divmodsi4.o)
 .text.libgcc.fmul
                0x00000000        0x0 c:/program files (x86)/atmel/studio/7.0/toolchain/avr8/avr8-gnu-toolchain/bin/../lib/gcc/avr/5.4.0/avr5\libgcc.a(_divmodsi4.o)
 .text.libgcc.fixed
                0x00000000        0x0 c:/program files (x86)/atmel/studio/7.0/toolchain/avr8/avr8-gnu-toolchain/bin/../lib/gcc/avr/5.4.0/avr5\libgcc.a(_divmodsi4.o)
 .text          0x00000000        0x0 c:/program files (x86)/atmel/studio/7.0/toolchain/avr8/avr8-gnu-toolchain/bin/../lib/gcc/avr/5.4.0/avr5\libgcc.a(_negsi2.o)
 .data          0x00000000        0x0 c:/program files (x86)/atmel/studio/7.0/toolchain/avr8/avr8-gnu-toolchain/bin/../lib/gcc/avr/5.4.0/avr5\libgcc.a(_negsi2.o)
 .bss           0x00000000        0x0 c:/program files (x86)/atmel/studio/7.0/toolchain/avr8/avr8-gnu-toolchain/bin/../lib/gcc/avr/5.4.0/avr5\libgcc.a(_negsi2.o)
 .text.libgcc.mul
                0x00000000        0x0 c:/program files (x86)/atmel/studio/7.0/toolchain/avr8/avr8-gnu-toolchain/bin/../lib/gcc/avr/5.4.0/avr5\libgcc.a(_negsi2.o)
 .text.libgcc.div
                0x00000000       0x10 c:/program files (x86)/atmel/studio/7.0/toolchain/avr8/avr8-gnu-toolchain/bin/../lib/gcc/avr/5.4.0/avr5\libgcc.a(_negsi2.o)
 .text.libgcc   0x00000000        0x0 c:/program files (x86)/atmel/studio/7.0/toolchain/avr8/avr8-gnu-toolchain/bin/../lib/gcc/avr/5.4.0/avr5\libgcc.a(_negsi2.o)
 .text.libgcc.prologue
                0x00000000        0x0 c:/program files (x86)/atmel/studio/7.0/toolchain/avr8/avr8-gnu-toolchain/bin/../lib/gcc/avr/5.4.0/avr5\libgcc.a(_negsi2.o)
 .text.libgcc.builtins
                0x00000000        0x0 c:/program files (x86)/atmel/studio/7.0/toolchain/avr8/avr8-gnu-toolchain/bin/../lib/gcc/avr/5.4.0/avr5\libgcc.a(_negsi2.o)
 .text.libgcc.fmul
                0x00000000        0x0 c:/program files (x86)/atmel/studio/7.0/toolchain/avr8/avr8-gnu-toolchain/bin/../lib/gcc/avr/5.4.0/avr5\libgcc.a(_negsi2.o)
 .text.libgcc.fixed
                0x00000000        0x0 c:/program files (x86)/atmel/studio/7.0/toolchain/avr8/avr8-gnu-toolchain/bin/../lib/gcc/avr/5.4.0/avr5\libgcc.a(_negsi2.o)
 .text          0x00000000        0x0 c:/program files (x86)/atmel/studio/7.0/toolchain/avr8/avr8-gnu-toolchain/bin/../lib/gcc/avr/5.4.0/avr5\libgcc.a(_exit.o)
 .data          0x00000000        0x0 c:/program files (x86)/atmel/studio/7.0/toolchain/avr8/avr8-gnu-toolchain/bin/../lib/gcc/avr/5.4.0/avr5\libgcc.a(_exit.o)
 .bss           0x00000000        0x0 c:/program files (x86)/atmel/studio/7.0/toolchain/avr8/avr8-gnu-toolchain/bin/../lib/gcc/avr/5.4.0/avr5\libgcc.a(_exit.o)
 .text.libgcc.mul
                0x00000000        0x0 c:/program files (x86)/atmel/studio/7.0/toolchain/avr8/avr8-gnu-toolchain/bin/../lib/gcc/avr/5.4.0/avr5\libgcc.a(_exit.o)
 .text.libgcc.div
                0x00000000        0x0 c:/program files (x86)/atmel/studio/7.0/toolchain/avr8/avr8-gnu-toolchain/bin/../lib/gcc/avr/5.4.0/avr5\libgcc.a(_exit.o)
 .text.libgcc   0x00000000        0x0 c:/program files (x86)/atmel/studio/7.0/toolchain/avr8/avr8-gnu-toolchain/bin/../lib/gcc/avr/5.4.0/avr5\libgcc.a(_exit.o)
 .text.libgcc.prologue
                0x00000000        0x0 c:/program files (x86)/atmel/studio/7.0/toolchain/avr8/avr8-gnu-toolchain/bin/../lib/gcc/avr/5.4.0/avr5\libgcc.a(_exit.o)
 .text.libgcc.builtins
                0x00000000        0x0 c:/program files (x86)/atmel/studio/7.0/toolchain/avr8/avr8-gnu-toolchain/bin/../lib/gcc/avr/5.4.0/avr5\libgcc.a(_exit.o)
 .text.libgcc.fmul
                0x00000000        0x0 c:/program files (x86)/atmel/studio/7.0/toolchain/avr8/avr8-gnu-toolchain/bin/../lib/gcc/avr/5.4.0/avr5\libgcc.a(_exit.o)
 .text.libgcc.fixed
                0x00000000        0x0 c:/program files (x86)/atmel/studio/7.0/toolchain/avr8/avr8-gnu-toolchain/bin/../lib/gcc/avr/5.4.0/avr5\libgcc.a(_exit.o)
 .text          0x00000000        0x0 c:/program files (x86)/atmel/studio/7.0/toolchain/avr8/avr8-gnu-toolchain/bin/../lib/gcc/avr/5.4.0/avr5\libgcc.a(_tablejump2.o)
 .data          0x00000000        0x0 c:/program files (x86)/atmel/studio/7.0/toolchain/avr8/avr8-gnu-toolchain/bin/../lib/gcc/avr/5.4.0/avr5\libgcc.a(_tablejump2.o)
 .bss           0x00000000        0x0 c:/program files (x86)/atmel/studio/7.0/toolchain/avr8/avr8-gnu-toolchain/bin/../lib/gcc/avr/5.4.0/avr5\libgcc.a(_tablejump2.o)
 .text.libgcc.mul
                0x00000000        0x0 c:/program files (x86)/atmel/studio/7.0/toolchain/avr8/avr8-gnu-toolchain/bin/../lib/gcc/avr/5.4.0/avr5\libgcc.a(_tablejump2.o)
 .text.libgcc.div
                0x00000000        0x0 c:/program files (x86)/atmel/studio/7.0/toolchain/avr8/avr8-gnu-toolchain/bin/../lib/gcc/avr/5.4.0/avr5\libgcc.a(_tablejump2.o)
 .text.libgcc.prologue
                0x00000000        0x0 c:/program files (x86)/atmel/studio/7.0/toolchain/avr8/avr8-gnu-toolchain/bin/../lib/gcc/avr/5.4.0/avr5\libgcc.a(_tablejump2.o)
 .text.libgcc.builtins
                0x00000000        0x0 c:/program files (x86)/atmel/studio/7.0/toolchain/avr8/avr8-gnu-toolchain/bin/../lib/gcc/avr/5.4.0/avr5\libgcc.a(_tablejump2.o)
 .text.libgcc.fmul
                0x00000000        0x0 c:/program files (x86)/atmel/studio/7.0/toolchain/avr8/avr8-gnu-toolchain/bin/../lib/gcc/avr/5.4.0/avr5\libgcc.a(_tablejump2.o)
 .text.libgcc.fixed
                0x00000000        0x0 c:/program files (x86)/atmel/studio/7.0/toolchain/avr8/avr8-gnu-toolchain/bin/../lib/gcc/avr/5.4.0/avr5\libgcc.a(_tablejump2.o)
 .text          0x00000000        0x0 c:/program files (x86)/atmel/studio/7.0/toolchain/avr8/avr8-gnu-toolchain/bin/../lib/gcc/avr/5.4.0/avr5\libgcc.a(_copy_data.o)
 .data          0x00000000        0x0 c:/program files (x86)/atmel/studio/7.0/toolchain/avr8/avr8-gnu-toolchain/bin/../lib/gcc/avr/5.4.0/avr5\libgcc.a(_copy_data.o)
 .bss           0x00000000        0x0 c:/program files (x86)/atmel/studio/7.0/toolchain/avr8/avr8-gnu-toolchain/bin/../lib/gcc/avr/5.4.0/avr5\libgcc.a(_copy_data.o)
 .text.libgcc.mul
                0x00000000        0x0 c:/program files (x86)/atmel/studio/7.0/toolchain/avr8/avr8-gnu-toolchain/bin/../lib/gcc/avr/5.4.0/avr5\libgcc.a(_copy_data.o)
 .text.libgcc.div
                0x00000000        0x0 c:/program files (x86)/atmel/studio/7.0/toolchain/avr8/avr8-gnu-toolchain/bin/../lib/gcc/avr/5.4.0/avr5\libgcc.a(_copy_data.o)
 .text.libgcc   0x00000000        0x0 c:/program files (x86)/atmel/studio/7.0/toolchain/avr8/avr8-gnu-toolchain/bin/../lib/gcc/avr/5.4.0/avr5\libgcc.a(_copy_data.o)
 .text.libgcc.prologue
                0x00000000        0x0 c:/program files (x86)/atmel/studio/7.0/toolchain/avr8/avr8-gnu-toolchain/bin/../lib/gcc/avr/5.4.0/avr5\libgcc.a(_copy_data.o)
 .text.libgcc.builtins
                0x00000000        0x0 c:/program files (x86)/atmel/studio/7.0/toolchain/avr8/avr8-gnu-toolchain/bin/../lib/gcc/avr/5.4.0/avr5\libgcc.a(_copy_data.o)
 .text.libgcc.fmul
                0x00000000        0x0 c:/program files (x86)/atmel/studio/7.0/toolchain/avr8/avr8-gnu-toolchain/bin/../lib/gcc/avr/5.4.0/avr5\libgcc.a(_copy_data.o)
 .text.libgcc.fixed
                0x00000000        0x0 c:/program files (x86)/atmel/studio/7.0/toolchain/avr8/avr8-gnu-toolchain/bin/../lib/gcc/avr/5.4.0/avr5\libgcc.a(_copy_data.o)
 .text          0x00000000        0x0 c:/program files (x86)/atmel/studio/7.0/toolchain/avr8/avr8-gnu-toolchain/bin/../lib/gcc/avr/5.4.0/avr5\libgcc.a(_clear_bss.o)
 .data          0x00000000        0x0 c:/program files (x86)/atmel/studio/7.0/toolchain/avr8/avr8-gnu-toolchain/bin/../lib/gcc/avr/5.4.0/avr5\libgcc.a(_clear_bss.o)
 .bss           0x00000000        0x0 c:/program files (x86)/atmel/studio/7.0/toolchain/avr8/avr8-gnu-toolchain/bin/../lib/gcc/avr/5.4.0/avr5\libgcc.a(_clear_bss.o)
 .text.libgcc.mul
                0x00000000        0x0 c:/program files (x86)/atmel/studio/7.0/toolchain/avr8/avr8-gnu-toolchain/bin/../lib/gcc/avr/5.4.0/avr5\libgcc.a(_clear_bss.o)
 .text.libgcc.div
                0x00000000        0x0 c:/program files (x86)/atmel/studio/7.0/toolchain/avr8/avr8-gnu-toolchain/bin/../lib/gcc/avr/5.4.0/avr5\libgcc.a(_clear_bss.o)
 .text.libgcc   0x00000000        0x0 c:/program files (x86)/atmel/studio/7.0/toolchain/avr8/avr8-gnu-toolchain/bin/../lib/gcc/avr/5.4.0/avr5\libgcc.a(_clear_bss.o)
 .text.libgcc.prologue
                0x00000000        0x0 c:/program files (x86)/atmel/studio/7.0/toolchain/avr8/avr8-gnu-toolchain/bin/../lib/gcc/avr/5.4.0/avr5\libgcc.a(_clear_bss.o)
 .text.libgcc.builtins
                0x00000000        0x0 c:/program files (x86)/atmel/studio/7.0/toolchain/avr8/avr8-gnu-toolchain/bin/../lib/gcc/avr/5.4.0/avr5\libgcc.a(_clear_bss.o)
 .text.libgcc.fmul
                0x00000000        0x0 c:/program files (x86)/atmel/studio/7.0/toolchain/avr8/avr8-gnu-toolchain/bin/../lib/gcc/avr/5.4.0/avr5\libgcc.a(_clear_bss.o)
 .text.libgcc.fixed
                0x00000000        0x0 c:/program files (x86)/atmel/studio/7.0/toolchain/avr8/avr8-gnu-toolchain/bin/../lib/gcc/avr/5.4.0/avr5\libgcc.a(_clear_bss.o)
 .text          0x00000000        0x0 c:/program files (x86)/atmel/studio/7.0/toolchain/avr8/avr8-gnu-toolchain/bin/../lib/gcc/avr/5.4.0/avr5\libgcc.a(_umulhisi3.o)
 .data          0x00000000        0x0 c:/program files (x86)/atmel/studio/7.0/toolchain/avr8/avr8-gnu-toolchain/bin/../lib/gcc/avr/5.4.0/avr5\libgcc.a(_umulhisi3.o)
 .bss           0x00000000        0x0 c:/program files (x86)/atmel/studio/7.0/toolchain/avr8/avr8-gnu-toolchain/bin/../lib/gcc/avr/5.4.0/avr5\libgcc.a(_umulhisi3.o)
 .text.libgcc.mul
                0x00000000       0x1e c:/program files (x86)/atmel/studio/7.0/toolchain/avr8/avr8-gnu-toolchain/bin/../lib/gcc/avr/5.4.0/avr5\libgcc.a(_umulhisi3.o)
 .text.libgcc.div
                0x00000000        0x0 c:/program files (x86)/atmel/studio/7.0/toolchain/avr8/avr8-gnu-toolchain/bin/../lib/gcc/avr/5.4.0/avr5\libgcc.a(_umulhisi3.o)
 .text.libgcc   0x00000000        0x0 c:/program files (x86)/atmel/studio/7.0/toolchain/avr8/avr8-gnu-toolchain/bin/../lib/gcc/avr/5.4.0/avr5\libgcc.a(_umulhisi3.o)
 .text.libgcc.prologue
                0x00000000        0x0 c:/program files (x86)/atmel/studio/7.0/toolchain/avr8/avr8-gnu-toolchain/bin/../lib/gcc/avr/5.4.0/avr5\libgcc.a(_umulhisi3.o)
 .text.libgcc.builtins
                0x00000000        0x0 c:/program files (x86)/atmel/studio/7.0/toolchain/avr8/avr8-gnu-toolchain/bin/../lib/gcc/avr/5.4.0/avr5\libgcc.a(_umulhisi3.o)
 .text.libgcc.fmul
                0x00000000        0x0 c:/program files (x86)/atmel/studio/7.0/toolchain/avr8/avr8-gnu-toolchain/bin/../lib/gcc/avr/5.4.0/avr5\libgcc.a(_umulhisi3.o)
 .text.libgcc.fixed
                0x00000000        0x0 c:/program files (x86)/atmel/studio/7.0/toolchain/avr8/avr8-gnu-toolchain/bin/../lib/gcc/avr/5.4.0/avr5\libgcc.a(_umulhisi3.o)
 .text          0x00000000        0x0 c:/program files (x86)/atmel/studio/7.0/toolchain/avr8/avr8-gnu-toolchain/bin/../lib/gcc/avr/5.4.0/avr5\libgcc.a(_muluhisi3.o)
 .data          0x00000000        0x0 c:/program files (x86)/atmel/studio/7.0/toolchain/avr8/avr8-gnu-toolchain/bin/../lib/gcc/avr/5.4.0/avr5\libgcc.a(_muluhisi3.o)
 .bss           0x00000000        0x0 c:/program files (x86)/atmel/studio/7.0/toolchain/avr8/avr8-gnu-toolchain/bin/../lib/gcc/avr/5.4.0/avr5\libgcc.a(_muluhisi3.o)
 .text.libgcc.mul
                0x00000000       0x16 c:/program files (x86)/atmel/studio/7.0/toolchain/avr8/avr8-gnu-toolchain/bin/../lib/gcc/avr/5.4.0/avr5\libgcc.a(_muluhisi3.o)
 .text.libgcc.div
                0x00000000        0x0 c:/program files (x86)/atmel/studio/7.0/toolchain/avr8/avr8-gnu-toolchain/bin/../lib/gcc/avr/5.4.0/avr5\libgcc.a(_muluhisi3.o)
 .text.libgcc   0x00000000        0x0 c:/program files (x86)/atmel/studio/7.0/toolchain/avr8/avr8-gnu-toolchain/bin/../lib/gcc/avr/5.4.0/avr5\libgcc.a(_muluhisi3.o)
 .text.libgcc.prologue
                0x00000000        0x0 c:/program files (x86)/atmel/studio/7.0/toolchain/avr8/avr8-gnu-toolchain/bin/../lib/gcc/avr/5.4.0/avr5\libgcc.a(_muluhisi3.o)
 .text.libgcc.builtins
                0x00000000        0x0 c:/program files (x86)/atmel/studio/7.0/toolchain/avr8/avr8-gnu-toolchain/bin/../lib/gcc/avr/5.4.0/avr5\libgcc.a(_muluhisi3.o)
 .text.libgcc.fmul
                0x00000000        0x0 c:/program files (x86)/atmel/studio/7.0/toolchain/avr8/avr8-gnu-toolchain/bin/../lib/gcc/avr/5.4.0/avr5\libgcc.a(_muluhisi3.o)
 .text.libgcc.fixed
                0x00000000        0x0 c:/program files (x86)/atmel/studio/7.0/toolchain/avr8/avr8-gnu-toolchain/bin/../lib/gcc/avr/5.4.0/avr5\libgcc.a(_muluhisi3.o)

Memory Configuration

Name             Origin             Length             Attributes
text             0x00000000         0x00008000         xr
data             0x00800060         0x00000800         rw !x
eeprom           0x00810000         0x00000400         rw !x
fuse             0x00820000         0x00000002         rw !x
lock             0x00830000         0x00000400         rw !x
signature        0x00840000         0x00000400         rw !x
user_signatures  0x00850000         0x00000400         rw !x
*default*        0x00000000         0xffffffff

Linker script and memory map

LOAD C:/Program Files (x86)/Atmel/Studio/7.0/Packs/atmel/ATmega_DFP/1.7.374/gcc/dev/atmega32/avr5/crtatmega32.o
LOAD APP/Password.o
LOAD GI/GIE.o
LOAD HAL/7SEG/sevensegment.o
LOAD HAL/EEPROM/eeprom.o
LOAD HAL/KeyPad/keypad.o
LOAD HAL/LCD/lcd.o
LOAD HAL/UltraSonic/ultrasonic.o
LOAD main.o
LOAD MCAL/ADC/adc.o
LOAD MCAL/DIO/Dio.o
LOAD MCAL/EXT_INT/EXTINT.o
LOAD MCAL/IIC/IIC.o
LOAD MCAL/SPI/spi.o
LOAD MCAL/Timer/Timer.o
LOAD MCAL/UART/uart.o
START GROUP
LOAD c:/program files (x86)/atmel/studio/7.0/toolchain/avr8/avr8-gnu-toolchain/bin/../lib/gcc/avr/5.4.0/../../../../avr/lib/avr5\libm.a
END GROUP
START GROUP
LOAD c:/program files (x86)/atmel/studio/7.0/toolchain/avr8/avr8-gnu-toolchain/bin/../lib/gcc/avr/5.4.0/avr5\libgcc.a
LOAD c:/program files (x86)/atmel/studio/7.0/toolchain/avr8/avr8-gnu-toolchain/bin/../lib/gcc/avr/5.4.0/../../../../avr/lib/avr5\libm.a
LOAD c:/program files (x86)/atmel/studio/7.0/toolchain/avr8/avr8-gnu-toolchain/bin/../lib/gcc/avr/5.4.0/../../../../avr/lib/avr5\libc.a
LOAD C:/Program Files (x86)/Atmel/Studio/7.0/Packs/atmel/ATmega_DFP/1.7.374/gcc/dev/atmega32/avr5\libatmega32.a
END GROUP
                0x00000000                __TEXT_REGION_ORIGIN__ = DEFINED (__TEXT_REGION_ORIGIN__)?__TEXT_REGION_ORIGIN__:0x0
                [0x00800060]                __DATA_REGION_ORIGIN__ = DEFINED (__DATA_REGION_ORIGIN__)?__DATA_REGION_ORIGIN__:0x800060
                [0x00008000]                __TEXT_REGION_LENGTH__ = DEFINED (__TEXT_REGION_LENGTH__)?__TEXT_REGION_LENGTH__:0x20000
                [0x00000800]                __DATA_REGION_LENGTH__ = DEFINED (__DATA_REGION_LENGTH__)?__DATA_REGION_LENGTH__:0xffa0
                [0x00000400]                __EEPROM_REGION_LENGTH__ = DEFINED (__EEPROM_REGION_LENGTH__)?__EEPROM_REGION_LENGTH__:0x10000
                [0x00000002]                __FUSE_REGION_LENGTH__ = DEFINED (__FUSE_REGION_LENGTH__)?__FUSE_REGION_LENGTH__:0x400
                0x00000400                __LOCK_REGION_LENGTH__ = DEFINED (__LOCK_REGION_LENGTH__)?__LOCK_REGION_LENGTH__:0x400
                0x00000400                __SIGNATURE_REGION_LENGTH__ = DEFINED (__SIGNATURE_REGION_LENGTH__)?__SIGNATURE_REGION_LENGTH__:0x400
                0x00000400                __USER_SIGNATURE_REGION_LENGTH__ = DEFINED (__USER_SIGNATURE_REGION_LENGTH__)?__USER_SIGNATURE_REGION_LENGTH__:0x400

.hash
 *(.hash)

.dynsym
 *(.dynsym)

.dynstr
 *(.dynstr)

.gnu.version
 *(.gnu.version)

.gnu.version_d
 *(.gnu.version_d)

.gnu.version_r
 *(.gnu.version_r)

.rel.init
 *(.rel.init)

.rela.init
 *(.rela.init)

.rel.text
 *(.rel.text)
 *(.rel.text.*)
 *(.rel.gnu.linkonce.t*)

.rela.text
 *(.rela.text)
 *(.rela.text.*)
 *(.rela.gnu.linkonce.t*)

.rel.fini
 *(.rel.fini)

.rela.fini
 *(.rela.fini)

.rel.rodata
 *(.rel.rodata)
 *(.rel.rodata.*)
 *(.rel.gnu.linkonce.r*)

.rela.rodata
 *(.rela.rodata)
 *(.rela.rodata.*)
 *(.rela.gnu.linkonce.r*)

.rel.data
 *(.rel.data)
 *(.rel.data.*)
 *(.rel.gnu.linkonce.d*)

.rela.data
 *(.rela.data)
 *(.rela.data.*)
 *(.rela.gnu.linkonce.d*)

.rel.ctors
 *(.rel.ctors)

.rela.ctors
 *(.rela.ctors)

.rel.dtors
 *(.rel.dtors)

.rela.dtors
 *(.rela.dtors)

.rel.got
 *(.rel.got)

.rela.got
 *(.rela.got)

.rel.bss
 *(.rel.bss)

.rela.bss
 *(.rela.bss)

.rel.plt
 *(.rel.plt)

.rela.plt
 *(.rela.plt)

.text           0x00000000      0x966
 *(.vectors)
 .vectors       0x00000000       0x54 C:/Program Files (x86)/Atmel/Studio/7.0/Packs/atmel/ATmega_DFP/1.7.374/gcc/dev/atmega32/avr5/crtatmega32.o
                0x00000000                __vector_default
                0x00000000                __vectors
 *(.vectors)
 *(.progmem.gcc*)
 .progmem.gcc_sw_table.DIO_voidSetPinDirection
                0x00000054       0x10 MCAL/DIO/Dio.o
 .progmem.gcc_sw_table.DIO_voidSetPinValue
                0x00000064       0x10 MCAL/DIO/Dio.o
                0x00000074                . = ALIGN (0x2)
                0x00000074                __trampolines_start = .
 *(.trampolines)
 .trampolines   0x00000074        0x0 linker stubs
 *(.trampolines*)
                0x00000074                __trampolines_end = .
 *libprintf_flt.a:*(.progmem.data)
 *libc.a:*(.progmem.data)
 *(.progmem*)
                0x00000074                . = ALIGN (0x2)
 *(.jumptables)
 *(.jumptables*)
 *(.lowtext)
 *(.lowtext*)
                0x00000074                __ctors_start = .
 *(.ctors)
                0x00000074                __ctors_end = .
                0x00000074                __dtors_start = .
 *(.dtors)
                0x00000074                __dtors_end = .
 SORT(*)(.ctors)
 SORT(*)(.dtors)
 *(.init0)
 .init0         0x00000074        0x0 C:/Program Files (x86)/Atmel/Studio/7.0/Packs/atmel/ATmega_DFP/1.7.374/gcc/dev/atmega32/avr5/crtatmega32.o
                0x00000074                __init
 *(.init0)
 *(.init1)
 *(.init1)
 *(.init2)
 .init2         0x00000074        0xc C:/Program Files (x86)/Atmel/Studio/7.0/Packs/atmel/ATmega_DFP/1.7.374/gcc/dev/atmega32/avr5/crtatmega32.o
 *(.init2)
 *(.init3)
 *(.init3)
 *(.init4)
 .init4         0x00000080       0x16 c:/program files (x86)/atmel/studio/7.0/toolchain/avr8/avr8-gnu-toolchain/bin/../lib/gcc/avr/5.4.0/avr5\libgcc.a(_copy_data.o)
                0x00000080                __do_copy_data
 .init4         0x00000096       0x10 c:/program files (x86)/atmel/studio/7.0/toolchain/avr8/avr8-gnu-toolchain/bin/../lib/gcc/avr/5.4.0/avr5\libgcc.a(_clear_bss.o)
                0x00000096                __do_clear_bss
 *(.init4)
 *(.init5)
 *(.init5)
 *(.init6)
 *(.init6)
 *(.init7)
 *(.init7)
 *(.init8)
 *(.init8)
 *(.init9)
 .init9         0x000000a6        0x8 C:/Program Files (x86)/Atmel/Studio/7.0/Packs/atmel/ATmega_DFP/1.7.374/gcc/dev/atmega32/avr5/crtatmega32.o
 *(.init9)
 *(.text)
 .text          0x000000ae        0x4 C:/Program Files (x86)/Atmel/Studio/7.0/Packs/atmel/ATmega_DFP/1.7.374/gcc/dev/atmega32/avr5/crtatmega32.o
                0x000000ae                __vector_12
                0x000000ae                __bad_interrupt
                0x000000ae                __vector_17
                0x000000ae                __vector_19
                0x000000ae                __vector_5
                0x000000ae                __vector_4
                0x000000ae                __vector_14
                0x000000ae                __vector_18
                0x000000ae                __vector_20
                0x000000b2                . = ALIGN (0x2)
 *(.text.*)
 .text.sevseg_init
                0x000000b2       0x92 HAL/7SEG/sevensegment.o
                0x000000b2                sevseg_init
 .text.keypad_init
                0x00000144       0x92 HAL/KeyPad/keypad.o
                0x00000144                keypad_init
 .text.H_LCD_void_latchByte
                0x000001d6       0x9c HAL/LCD/lcd.o
 .text.H_LCD_void_sendData
                0x00000272       0x26 HAL/LCD/lcd.o
                0x00000272                H_LCD_void_sendData
 .text.H_LCD_void_sendCommand
                0x00000298       0x26 HAL/LCD/lcd.o
                0x00000298                H_LCD_void_sendCommand
 .text.H_LCD_void_Init
                0x000002be       0xc2 HAL/LCD/lcd.o
                0x000002be                H_LCD_void_Init
 .text.main     0x00000380       0x48 main.o
                0x00000380                main
 .text.ADC_Init
                0x000003c8       0x26 MCAL/ADC/adc.o
                0x000003c8                ADC_Init
 .text.__vector_16
                0x000003ee       0x52 MCAL/ADC/adc.o
                0x000003ee                __vector_16
 .text.DIO_voidSetPinDirection
                0x00000440       0x7c MCAL/DIO/Dio.o
                0x00000440                DIO_voidSetPinDirection
 .text.DIO_voidSetPinValue
                0x000004bc       0x7c MCAL/DIO/Dio.o
                0x000004bc                DIO_voidSetPinValue
 .text.__vector_1
                0x00000538       0x52 MCAL/EXT_INT/EXTINT.o
                0x00000538                __vector_1
 .text.__vector_2
                0x0000058a       0x52 MCAL/EXT_INT/EXTINT.o
                0x0000058a                __vector_2
 .text.__vector_3
                0x000005dc       0x52 MCAL/EXT_INT/EXTINT.o
                0x000005dc                __vector_3
 .text.I2C_init
                0x0000062e       0x66 MCAL/IIC/IIC.o
                0x0000062e                I2C_init
 .text.I2C_sendByte
                0x00000694        0xe MCAL/IIC/IIC.o
                0x00000694                I2C_sendByte
 .text.I2C_sendStart
                0x000006a2        0xc MCAL/IIC/IIC.o
                0x000006a2                I2C_sendStart
 .text.I2C_sendStop
                0x000006ae        0x6 MCAL/IIC/IIC.o
                0x000006ae                I2C_sendStop
 .text.I2C_recieveByte_ACK
                0x000006b4       0x12 MCAL/IIC/IIC.o
                0x000006b4                I2C_recieveByte_ACK
 .text.__vector_11
                0x000006c6       0x52 MCAL/Timer/Timer.o
                0x000006c6                __vector_11
 .text.__vector_10
                0x00000718       0x52 MCAL/Timer/Timer.o
                0x00000718                __vector_10
 .text.__vector_9
                0x0000076a       0x52 MCAL/Timer/Timer.o
                0x0000076a                __vector_9
 .text.__vector_7
                0x000007bc       0x52 MCAL/Timer/Timer.o
                0x000007bc                __vector_7
 .text.__vector_8
                0x0000080e       0x52 MCAL/Timer/Timer.o
                0x0000080e                __vector_8
 .text.__vector_6
                0x00000860       0x52 MCAL/Timer/Timer.o
                0x00000860                __vector_6
 .text.__vector_13
                0x000008b2       0x52 MCAL/UART/uart.o
                0x000008b2                __vector_13
 .text.__vector_15
                0x00000904       0x52 MCAL/UART/uart.o
                0x00000904                __vector_15
 .text.libgcc   0x00000956        0xc c:/program files (x86)/atmel/studio/7.0/toolchain/avr8/avr8-gnu-toolchain/bin/../lib/gcc/avr/5.4.0/avr5\libgcc.a(_tablejump2.o)
                0x00000956                __tablejump2__
                0x00000962                . = ALIGN (0x2)
 *(.fini9)
 .fini9         0x00000962        0x0 c:/program files (x86)/atmel/studio/7.0/toolchain/avr8/avr8-gnu-toolchain/bin/../lib/gcc/avr/5.4.0/avr5\libgcc.a(_exit.o)
                0x00000962                _exit
                0x00000962                exit
 *(.fini9)
 *(.fini8)
 *(.fini8)
 *(.fini7)
 *(.fini7)
 *(.fini6)
 *(.fini6)
 *(.fini5)
 *(.fini5)
 *(.fini4)
 *(.fini4)
 *(.fini3)
 *(.fini3)
 *(.fini2)
 *(.fini2)
 *(.fini1)
 *(.fini1)
 *(.fini0)
 .fini0         0x00000962        0x4 c:/program files (x86)/atmel/studio/7.0/toolchain/avr8/avr8-gnu-toolchain/bin/../lib/gcc/avr/5.4.0/avr5\libgcc.a(_exit.o)
 *(.fini0)
                0x00000966                _etext = .

.data           0x00800060        0x4 load address 0x00000966
                0x00800060                PROVIDE (__data_start, .)
 *(.data)
 *(.data*)
 .data.LCD_pins
                0x00800060        0x4 HAL/LCD/lcd.o
                0x00800060                LCD_pins
 *(.gnu.linkonce.d*)
 *(.rodata)
 *(.rodata*)
 *(.gnu.linkonce.r*)
                0x00800064                . = ALIGN (0x2)
                0x00800064                _edata = .
                0x00800064                PROVIDE (__data_end, .)

.bss            0x00800064       0x18
                0x00800064                PROVIDE (__bss_start, .)
 *(.bss)
 *(.bss*)
 .bss.EXT_INT_ptr
                0x00800064        0x2 MCAL/ADC/adc.o
                0x00800064                EXT_INT_ptr
 .bss.p_NTI     0x00800066        0x6 MCAL/EXT_INT/EXTINT.o
                0x00800066                p_NTI
 .bss.Timer1_ICU_Fptr
                0x0080006c        0x2 MCAL/Timer/Timer.o
 .bss.Timer1_OCB_Fptr
                0x0080006e        0x2 MCAL/Timer/Timer.o
 .bss.Timer1_OCA_Fptr
                0x00800070        0x2 MCAL/Timer/Timer.o
 .bss.Timer1_OVF_Fptr
                0x00800072        0x2 MCAL/Timer/Timer.o
 .bss.CM_ptr    0x00800074        0x2 MCAL/Timer/Timer.o
                0x00800074                CM_ptr
 .bss.OVF_ptr   0x00800076        0x2 MCAL/Timer/Timer.o
                0x00800076                OVF_ptr
 .bss.Uart_TX_Fptr
                0x00800078        0x2 MCAL/UART/uart.o
 .bss.Uart_RX_Fptr
                0x0080007a        0x2 MCAL/UART/uart.o
 *(COMMON)
                0x0080007c                PROVIDE (__bss_end, .)
                0x00000966                __data_load_start = LOADADDR (.data)
                0x0000096a                __data_load_end = (__data_load_start + SIZEOF (.data))

.noinit         0x0080007c        0x0
                [!provide]                PROVIDE (__noinit_start, .)
 *(.noinit*)
                [!provide]                PROVIDE (__noinit_end, .)
                0x0080007c                _end = .
                [!provide]                PROVIDE (__heap_start, .)

.eeprom         0x00810000        0x0
 *(.eeprom*)
                0x00810000                __eeprom_end = .

.fuse
 *(.fuse)
 *(.lfuse)
 *(.hfuse)
 *(.efuse)

.lock
 *(.lock*)

.signature
 *(.signature*)

.user_signatures
 *(.user_signatures*)

.stab
 *(.stab)

.stabstr
 *(.stabstr)

.stab.excl
 *(.stab.excl)

.stab.exclstr
 *(.stab.exclstr)

.stab.index
 *(.stab.index)

.stab.indexstr
 *(.stab.indexstr)

.comment        0x00000000       0x30
 *(.comment)
 .comment       0x00000000       0x30 HAL/7SEG/sevensegment.o
                                 0x31 (size before relaxing)
 .comment       0x00000030       0x31 HAL/KeyPad/keypad.o
 .comment       0x00000030       0x31 HAL/LCD/lcd.o
 .comment       0x00000030       0x31 main.o
 .comment       0x00000030       0x31 MCAL/ADC/adc.o
 .comment       0x00000030       0x31 MCAL/DIO/Dio.o
 .comment       0x00000030       0x31 MCAL/EXT_INT/EXTINT.o
 .comment       0x00000030       0x31 MCAL/IIC/IIC.o
 .comment       0x00000030       0x31 MCAL/Timer/Timer.o
 .comment       0x00000030       0x31 MCAL/UART/uart.o

.note.gnu.avr.deviceinfo
                0x00000000       0x3c
 .note.gnu.avr.deviceinfo
                0x00000000       0x3c C:/Program Files (x86)/Atmel/Studio/7.0/Packs/atmel/ATmega_DFP/1.7.374/gcc/dev/atmega32/avr5/crtatmega32.o

.note.gnu.build-id
 *(.note.gnu.build-id)

.debug
 *(.debug)

.line
 *(.line)

.debug_srcinfo
 *(.debug_srcinfo)

.debug_sfnames
 *(.debug_sfnames)

.debug_aranges  0x00000000      0x3f0
 *(.debug_aranges)
 .debug_aranges
                0x00000000       0x30 HAL/7SEG/sevensegment.o
 .debug_aranges
                0x00000030       0x30 HAL/KeyPad/keypad.o
 .debug_aranges
                0x00000060       0x68 HAL/LCD/lcd.o
 .debug_aranges
                0x000000c8       0x38 main.o
 .debug_aranges
                0x00000100       0x48 MCAL/ADC/adc.o
 .debug_aranges
                0x00000148       0x50 MCAL/DIO/Dio.o
 .debug_aranges
                0x00000198       0x48 MCAL/EXT_INT/EXTINT.o
 .debug_aranges
                0x000001e0       0x50 MCAL/IIC/IIC.o
 .debug_aranges
                0x00000230      0x138 MCAL/Timer/Timer.o
 .debug_aranges
                0x00000368       0x88 MCAL/UART/uart.o

.debug_pubnames
 *(.debug_pubnames)

.debug_info     0x00000000     0x3b5d
 *(.debug_info .gnu.linkonce.wi.*)
 .debug_info    0x00000000      0x4e6 C:/Program Files (x86)/Atmel/Studio/7.0/Packs/atmel/ATmega_DFP/1.7.374/gcc/dev/atmega32/avr5/crtatmega32.o
 .debug_info    0x000004e6      0xb92 HAL/7SEG/sevensegment.o
 .debug_info    0x00001078      0x568 HAL/KeyPad/keypad.o
 .debug_info    0x000015e0      0x998 HAL/LCD/lcd.o
 .debug_info    0x00001f78      0x5e2 main.o
 .debug_info    0x0000255a      0x1d7 MCAL/ADC/adc.o
 .debug_info    0x00002731      0x3d5 MCAL/DIO/Dio.o
 .debug_info    0x00002b06      0x1a8 MCAL/EXT_INT/EXTINT.o
 .debug_info    0x00002cae      0x1e5 MCAL/IIC/IIC.o
 .debug_info    0x00002e93      0x9bc MCAL/Timer/Timer.o
 .debug_info    0x0000384f      0x30e MCAL/UART/uart.o

.debug_abbrev   0x00000000     0x1416
 *(.debug_abbrev)
 .debug_abbrev  0x00000000      0x4a3 C:/Program Files (x86)/Atmel/Studio/7.0/Packs/atmel/ATmega_DFP/1.7.374/gcc/dev/atmega32/avr5/crtatmega32.o
 .debug_abbrev  0x000004a3      0x1a2 HAL/7SEG/sevensegment.o
 .debug_abbrev  0x00000645      0x166 HAL/KeyPad/keypad.o
 .debug_abbrev  0x000007ab      0x238 HAL/LCD/lcd.o
 .debug_abbrev  0x000009e3      0x1d1 main.o
 .debug_abbrev  0x00000bb4      0x107 MCAL/ADC/adc.o
 .debug_abbrev  0x00000cbb      0x17f MCAL/DIO/Dio.o
 .debug_abbrev  0x00000e3a       0xe5 MCAL/EXT_INT/EXTINT.o
 .debug_abbrev  0x00000f1f       0xe2 MCAL/IIC/IIC.o
 .debug_abbrev  0x00001001      0x276 MCAL/Timer/Timer.o
 .debug_abbrev  0x00001277      0x19f MCAL/UART/uart.o

.debug_line     0x00000000     0x1f4c
 *(.debug_line .debug_line.* .debug_line_end)
 .debug_line    0x00000000      0x116 C:/Program Files (x86)/Atmel/Studio/7.0/Packs/atmel/ATmega_DFP/1.7.374/gcc/dev/atmega32/avr5/crtatmega32.o
 .debug_line    0x00000116      0x3d1 HAL/7SEG/sevensegment.o
 .debug_line    0x000004e7      0x213 HAL/KeyPad/keypad.o
 .debug_line    0x000006fa      0x46c HAL/LCD/lcd.o
 .debug_line    0x00000b66      0x30f main.o
 .debug_line    0x00000e75      0x1db MCAL/ADC/adc.o
 .debug_line    0x00001050      0x20b MCAL/DIO/Dio.o
 .debug_line    0x0000125b      0x1c6 MCAL/EXT_INT/EXTINT.o
 .debug_line    0x00001421      0x1e8 MCAL/IIC/IIC.o
 .debug_line    0x00001609      0x6d3 MCAL/Timer/Timer.o
 .debug_line    0x00001cdc      0x270 MCAL/UART/uart.o

.debug_frame    0x00000000      0xb94
 *(.debug_frame)
 .debug_frame   0x00000000       0x64 HAL/7SEG/sevensegment.o
 .debug_frame   0x00000064       0x6c HAL/KeyPad/keypad.o
 .debug_frame   0x000000d0      0x13c HAL/LCD/lcd.o
 .debug_frame   0x0000020c       0x64 main.o
 .debug_frame   0x00000270       0xbc MCAL/ADC/adc.o
 .debug_frame   0x0000032c       0xac MCAL/DIO/Dio.o
 .debug_frame   0x000003d8      0x14c MCAL/EXT_INT/EXTINT.o
 .debug_frame   0x00000524       0x84 MCAL/IIC/IIC.o
 .debug_frame   0x000005a8      0x448 MCAL/Timer/Timer.o
 .debug_frame   0x000009f0      0x1a4 MCAL/UART/uart.o

.debug_str      0x00000000     0x12e6
 *(.debug_str)
 .debug_str     0x00000000      0x196 C:/Program Files (x86)/Atmel/Studio/7.0/Packs/atmel/ATmega_DFP/1.7.374/gcc/dev/atmega32/avr5/crtatmega32.o
 .debug_str     0x00000196      0x226 HAL/7SEG/sevensegment.o
                                0x25f (size before relaxing)
 .debug_str     0x000003bc       0x87 HAL/KeyPad/keypad.o
                                0x264 (size before relaxing)
 .debug_str     0x00000443      0x15a HAL/LCD/lcd.o
                                0x396 (size before relaxing)
 .debug_str     0x0000059d      0x1fc main.o
                                0x428 (size before relaxing)
 .debug_str     0x00000799       0xf2 MCAL/ADC/adc.o
                                0x243 (size before relaxing)
 .debug_str     0x0000088b       0x5c MCAL/DIO/Dio.o
                                0x239 (size before relaxing)
 .debug_str     0x000008e7       0xc7 MCAL/EXT_INT/EXTINT.o
                                0x213 (size before relaxing)
 .debug_str     0x000009ae       0x4d MCAL/IIC/IIC.o
                                0x23d (size before relaxing)
 .debug_str     0x000009fb      0x78a MCAL/Timer/Timer.o
                                0x8f6 (size before relaxing)
 .debug_str     0x00001185      0x161 MCAL/UART/uart.o
                                0x2b2 (size before relaxing)

.debug_loc      0x00000000     0x215d
 *(.debug_loc)
 .debug_loc     0x00000000      0x445 HAL/7SEG/sevensegment.o
 .debug_loc     0x00000445      0x17c HAL/KeyPad/keypad.o
 .debug_loc     0x000005c1      0x724 HAL/LCD/lcd.o
 .debug_loc     0x00000ce5       0x67 main.o
 .debug_loc     0x00000d4c      0x16a MCAL/ADC/adc.o
 .debug_loc     0x00000eb6      0x1e7 MCAL/DIO/Dio.o
 .debug_loc     0x0000109d      0x312 MCAL/EXT_INT/EXTINT.o
 .debug_loc     0x000013af      0x1cd MCAL/IIC/IIC.o
 .debug_loc     0x0000157c      0x91b MCAL/Timer/Timer.o
 .debug_loc     0x00001e97      0x2c6 MCAL/UART/uart.o

.debug_macinfo
 *(.debug_macinfo)

.debug_weaknames
 *(.debug_weaknames)

.debug_funcnames
 *(.debug_funcnames)

.debug_typenames
 *(.debug_typenames)

.debug_varnames
 *(.debug_varnames)

.debug_pubtypes
 *(.debug_pubtypes)

.debug_ranges   0x00000000      0x380
 *(.debug_ranges)
 .debug_ranges  0x00000000       0x20 HAL/7SEG/sevensegment.o
 .debug_ranges  0x00000020       0x20 HAL/KeyPad/keypad.o
 .debug_ranges  0x00000040       0x88 HAL/LCD/lcd.o
 .debug_ranges  0x000000c8       0x28 main.o
 .debug_ranges  0x000000f0       0x38 MCAL/ADC/adc.o
 .debug_ranges  0x00000128       0x40 MCAL/DIO/Dio.o
 .debug_ranges  0x00000168       0x38 MCAL/EXT_INT/EXTINT.o
 .debug_ranges  0x000001a0       0x40 MCAL/IIC/IIC.o
 .debug_ranges  0x000001e0      0x128 MCAL/Timer/Timer.o
 .debug_ranges  0x00000308       0x78 MCAL/UART/uart.o

.debug_macro
 *(.debug_macro)
OUTPUT(NTI_AVR.elf elf32-avr)
LOAD linker stubs
