Archive member included to satisfy reference by file (symbol)

c:/program files (x86)/atmel/studio/7.0/toolchain/avr8/avr8-gnu-toolchain/bin/../lib/gcc/avr/5.4.0/avr5\libgcc.a(_udivmodhi4.o)
                              MCAL/Timer/Timer.o (__udivmodhi4)
c:/program files (x86)/atmel/studio/7.0/toolchain/avr8/avr8-gnu-toolchain/bin/../lib/gcc/avr/5.4.0/avr5\libgcc.a(_divmodhi4.o)
                              MCAL/Timer/Timer.o (__divmodhi4)
c:/program files (x86)/atmel/studio/7.0/toolchain/avr8/avr8-gnu-toolchain/bin/../lib/gcc/avr/5.4.0/avr5\libgcc.a(_udivmodsi4.o)
                              MCAL/Timer/Timer.o (__udivmodsi4)
c:/program files (x86)/atmel/studio/7.0/toolchain/avr8/avr8-gnu-toolchain/bin/../lib/gcc/avr/5.4.0/avr5\libgcc.a(_divmodsi4.o)
                              HAL/LCD/lcd.o (__divmodsi4)
c:/program files (x86)/atmel/studio/7.0/toolchain/avr8/avr8-gnu-toolchain/bin/../lib/gcc/avr/5.4.0/avr5\libgcc.a(_negsi2.o)
                              c:/program files (x86)/atmel/studio/7.0/toolchain/avr8/avr8-gnu-toolchain/bin/../lib/gcc/avr/5.4.0/avr5\libgcc.a(_divmodsi4.o) (__negsi2)
c:/program files (x86)/atmel/studio/7.0/toolchain/avr8/avr8-gnu-toolchain/bin/../lib/gcc/avr/5.4.0/avr5\libgcc.a(_exit.o)
                              C:/Program Files (x86)/Atmel/Studio/7.0/Packs/atmel/ATmega_DFP/1.7.374/gcc/dev/atmega32/avr5/crtatmega32.o (exit)
c:/program files (x86)/atmel/studio/7.0/toolchain/avr8/avr8-gnu-toolchain/bin/../lib/gcc/avr/5.4.0/avr5\libgcc.a(_tablejump2.o)
                              HAL/7SEG/sevensegment.o (__tablejump2__)
c:/program files (x86)/atmel/studio/7.0/toolchain/avr8/avr8-gnu-toolchain/bin/../lib/gcc/avr/5.4.0/avr5\libgcc.a(_copy_data.o)
                              APP/Data_password/Password.o (__do_copy_data)
c:/program files (x86)/atmel/studio/7.0/toolchain/avr8/avr8-gnu-toolchain/bin/../lib/gcc/avr/5.4.0/avr5\libgcc.a(_clear_bss.o)
                              HAL/UltraSonic/ultrasonic.o (__do_clear_bss)
c:/program files (x86)/atmel/studio/7.0/toolchain/avr8/avr8-gnu-toolchain/bin/../lib/gcc/avr/5.4.0/avr5\libgcc.a(_umulhisi3.o)
                              HAL/7SEG/sevensegment.o (__umulhisi3)
c:/program files (x86)/atmel/studio/7.0/toolchain/avr8/avr8-gnu-toolchain/bin/../lib/gcc/avr/5.4.0/avr5\libgcc.a(_muluhisi3.o)
                              MCAL/Timer/Timer.o (__muluhisi3)

Allocating common symbols
Common symbol       size              file

uart_str            0x64              MCAL/UART/uart.o
t2                  0x2               HAL/UltraSonic/ultrasonic.o
t1                  0x2               HAL/UltraSonic/ultrasonic.o

Discarded input sections

 .data          0x00000000        0x0 C:/Program Files (x86)/Atmel/Studio/7.0/Packs/atmel/ATmega_DFP/1.7.374/gcc/dev/atmega32/avr5/crtatmega32.o
 .bss           0x00000000        0x0 C:/Program Files (x86)/Atmel/Studio/7.0/Packs/atmel/ATmega_DFP/1.7.374/gcc/dev/atmega32/avr5/crtatmega32.o
 .text          0x00000000        0x0 APP/CoolingSystem/coolingsystem.o
 .data          0x00000000        0x0 APP/CoolingSystem/coolingsystem.o
 .bss           0x00000000        0x0 APP/CoolingSystem/coolingsystem.o
 .text.coolingsystem_init
                0x00000000       0x20 APP/CoolingSystem/coolingsystem.o
 .text.coolingsystem_app
                0x00000000       0x56 APP/CoolingSystem/coolingsystem.o
 .debug_info    0x00000000      0x3f1 APP/CoolingSystem/coolingsystem.o
 .debug_abbrev  0x00000000      0x1ab APP/CoolingSystem/coolingsystem.o
 .debug_loc     0x00000000       0xaf APP/CoolingSystem/coolingsystem.o
 .debug_aranges
                0x00000000       0x28 APP/CoolingSystem/coolingsystem.o
 .debug_ranges  0x00000000       0x18 APP/CoolingSystem/coolingsystem.o
 .debug_line    0x00000000      0x315 APP/CoolingSystem/coolingsystem.o
 .debug_str     0x00000000      0x414 APP/CoolingSystem/coolingsystem.o
 .comment       0x00000000       0x31 APP/CoolingSystem/coolingsystem.o
 .debug_frame   0x00000000       0x40 APP/CoolingSystem/coolingsystem.o
 .text          0x00000000        0x0 APP/Data_password/Password.o
 .data          0x00000000        0x0 APP/Data_password/Password.o
 .bss           0x00000000        0x0 APP/Data_password/Password.o
 .rodata.str1.1
                0x00000000       0x38 APP/Data_password/Password.o
 .text.get_id   0x00000000       0x92 APP/Data_password/Password.o
 .text.get_pass
                0x00000000       0x94 APP/Data_password/Password.o
 .text.confirm_id_pass
                0x00000000       0x68 APP/Data_password/Password.o
 .text.app      0x00000000       0x4c APP/Data_password/Password.o
 .data.index    0x00000000        0x1 APP/Data_password/Password.o
 .rodata.data_base
                0x00000000       0x38 APP/Data_password/Password.o
 .debug_info    0x00000000      0x388 APP/Data_password/Password.o
 .debug_abbrev  0x00000000      0x162 APP/Data_password/Password.o
 .debug_loc     0x00000000      0x2ec APP/Data_password/Password.o
 .debug_aranges
                0x00000000       0x38 APP/Data_password/Password.o
 .debug_ranges  0x00000000       0x28 APP/Data_password/Password.o
 .debug_line    0x00000000      0x2d2 APP/Data_password/Password.o
 .debug_str     0x00000000      0x22e APP/Data_password/Password.o
 .comment       0x00000000       0x31 APP/Data_password/Password.o
 .debug_frame   0x00000000       0xb8 APP/Data_password/Password.o
 .text          0x00000000        0x0 APP/Login System/LoginSystem.o
 .data          0x00000000        0x0 APP/Login System/LoginSystem.o
 .bss           0x00000000        0x0 APP/Login System/LoginSystem.o
 .text.loginsystem_init
                0x00000000       0x1a APP/Login System/LoginSystem.o
 .rodata.str1.1
                0x00000000       0x25 APP/Login System/LoginSystem.o
 .text.loginsystem_app
                0x00000000       0x48 APP/Login System/LoginSystem.o
 .debug_info    0x00000000      0x386 APP/Login System/LoginSystem.o
 .debug_abbrev  0x00000000      0x116 APP/Login System/LoginSystem.o
 .debug_loc     0x00000000       0x49 APP/Login System/LoginSystem.o
 .debug_aranges
                0x00000000       0x28 APP/Login System/LoginSystem.o
 .debug_ranges  0x00000000       0x18 APP/Login System/LoginSystem.o
 .debug_line    0x00000000      0x2b6 APP/Login System/LoginSystem.o
 .debug_str     0x00000000      0x543 APP/Login System/LoginSystem.o
 .comment       0x00000000       0x31 APP/Login System/LoginSystem.o
 .debug_frame   0x00000000       0x34 APP/Login System/LoginSystem.o
 .text          0x00000000        0x0 GI/GIE.o
 .data          0x00000000        0x0 GI/GIE.o
 .bss           0x00000000        0x0 GI/GIE.o
 .text.enable   0x00000000        0x8 GI/GIE.o
 .text.disable  0x00000000        0x8 GI/GIE.o
 .debug_info    0x00000000       0x56 GI/GIE.o
 .debug_abbrev  0x00000000       0x2e GI/GIE.o
 .debug_aranges
                0x00000000       0x28 GI/GIE.o
 .debug_ranges  0x00000000       0x18 GI/GIE.o
 .debug_line    0x00000000       0x55 GI/GIE.o
 .debug_str     0x00000000      0x107 GI/GIE.o
 .comment       0x00000000       0x31 GI/GIE.o
 .debug_frame   0x00000000       0x34 GI/GIE.o
 .text          0x00000000        0x0 HAL/7SEG/sevensegment.o
 .data          0x00000000        0x0 HAL/7SEG/sevensegment.o
 .bss           0x00000000        0x0 HAL/7SEG/sevensegment.o
 .text.sevseg_num
                0x00000000      0x208 HAL/7SEG/sevensegment.o
 .progmem.gcc_sw_table.sevseg_num
                0x00000000       0x14 HAL/7SEG/sevensegment.o
 .text.sevseg_4num
                0x00000000      0x1cc HAL/7SEG/sevensegment.o
 .text          0x00000000        0x0 HAL/EEPROM/eeprom.o
 .data          0x00000000        0x0 HAL/EEPROM/eeprom.o
 .bss           0x00000000        0x0 HAL/EEPROM/eeprom.o
 .text.EEPROM_Init
                0x00000000        0xa HAL/EEPROM/eeprom.o
 .text.eeprom_WriteByte
                0x00000000       0x70 HAL/EEPROM/eeprom.o
 .text.eeprom_ReadByte
                0x00000000       0x9a HAL/EEPROM/eeprom.o
 .debug_info    0x00000000      0x373 HAL/EEPROM/eeprom.o
 .debug_abbrev  0x00000000       0xe2 HAL/EEPROM/eeprom.o
 .debug_loc     0x00000000      0x18b HAL/EEPROM/eeprom.o
 .debug_aranges
                0x00000000       0x30 HAL/EEPROM/eeprom.o
 .debug_ranges  0x00000000       0x20 HAL/EEPROM/eeprom.o
 .debug_line    0x00000000      0x1d6 HAL/EEPROM/eeprom.o
 .debug_str     0x00000000      0x248 HAL/EEPROM/eeprom.o
 .comment       0x00000000       0x31 HAL/EEPROM/eeprom.o
 .debug_frame   0x00000000       0x80 HAL/EEPROM/eeprom.o
 .text          0x00000000        0x0 HAL/FingerPrint/fingerprint.o
 .data          0x00000000        0x0 HAL/FingerPrint/fingerprint.o
 .bss           0x00000000        0x0 HAL/FingerPrint/fingerprint.o
 .text.FingerPS_genImg
                0x00000000       0x64 HAL/FingerPrint/fingerprint.o
 .text.FingerPS_convertImg2CharFile
                0x00000000       0x7a HAL/FingerPrint/fingerprint.o
 .text.FingerPS_genTemplate
                0x00000000       0x64 HAL/FingerPrint/fingerprint.o
 .text.FingerPS_strTemplate
                0x00000000       0x8e HAL/FingerPrint/fingerprint.o
 .text.FingerPS_searchFinger
                0x00000000       0xd4 HAL/FingerPrint/fingerprint.o
 .text.FingerPS_emptyLibrary
                0x00000000       0x64 HAL/FingerPrint/fingerprint.o
 .text.FingerPS_deleteFinger
                0x00000000       0x8a HAL/FingerPrint/fingerprint.o
 .text.FingerPS_LoadCharFile
                0x00000000       0x8e HAL/FingerPrint/fingerprint.o
 .text.FingerPS_match
                0x00000000       0x64 HAL/FingerPrint/fingerprint.o
 .text          0x00000000        0x0 HAL/KeyPad/keypad.o
 .data          0x00000000        0x0 HAL/KeyPad/keypad.o
 .bss           0x00000000        0x0 HAL/KeyPad/keypad.o
 .text.keypad_getkey
                0x00000000       0x96 HAL/KeyPad/keypad.o
 .text.keypad_getkey_char
                0x00000000       0x96 HAL/KeyPad/keypad.o
 .data.keys2    0x00000000       0x10 HAL/KeyPad/keypad.o
 .data.keys     0x00000000       0x10 HAL/KeyPad/keypad.o
 .data.output   0x00000000        0x4 HAL/KeyPad/keypad.o
 .data.input    0x00000000        0x4 HAL/KeyPad/keypad.o
 .text          0x00000000        0x0 HAL/LCD/lcd.o
 .data          0x00000000        0x0 HAL/LCD/lcd.o
 .bss           0x00000000        0x0 HAL/LCD/lcd.o
 .text.H_LCD_void_sendString
                0x00000000       0x2c HAL/LCD/lcd.o
 .text.H_LCD_void_sendIntNum
                0x00000000       0xd6 HAL/LCD/lcd.o
 .text.H_LCD_void_creatCustomChar
                0x00000000       0x3e HAL/LCD/lcd.o
 .text.H_LCD_void_displayCustomChar
                0x00000000        0x6 HAL/LCD/lcd.o
 .text.H_LCD_void_gotoXY
                0x00000000       0x1c HAL/LCD/lcd.o
 .text.H_LCD_void_clear
                0x00000000       0x14 HAL/LCD/lcd.o
 .text          0x00000000        0x0 HAL/Lm35/lm35.o
 .data          0x00000000        0x0 HAL/Lm35/lm35.o
 .bss           0x00000000        0x0 HAL/Lm35/lm35.o
 .text.lm35_init
                0x00000000       0x12 HAL/Lm35/lm35.o
 .text.lm35_gettemp
                0x00000000       0x3c HAL/Lm35/lm35.o
 .debug_info    0x00000000      0x250 HAL/Lm35/lm35.o
 .debug_abbrev  0x00000000      0x149 HAL/Lm35/lm35.o
 .debug_loc     0x00000000       0x3f HAL/Lm35/lm35.o
 .debug_aranges
                0x00000000       0x28 HAL/Lm35/lm35.o
 .debug_ranges  0x00000000       0x18 HAL/Lm35/lm35.o
 .debug_line    0x00000000      0x157 HAL/Lm35/lm35.o
 .debug_str     0x00000000      0x218 HAL/Lm35/lm35.o
 .comment       0x00000000       0x31 HAL/Lm35/lm35.o
 .debug_frame   0x00000000       0x34 HAL/Lm35/lm35.o
 .text          0x00000000        0x0 HAL/RTC/RTC.o
 .data          0x00000000        0x0 HAL/RTC/RTC.o
 .bss           0x00000000        0x0 HAL/RTC/RTC.o
 .text.decimal_BCD
                0x00000000       0x48 HAL/RTC/RTC.o
 .text.BCD_to_Decimal
                0x00000000       0x16 HAL/RTC/RTC.o
 .text.RTC_Init
                0x00000000        0xa HAL/RTC/RTC.o
 .text.RTC_getTime
                0x00000000       0xc0 HAL/RTC/RTC.o
 .text.RTC_settime
                0x00000000       0xcc HAL/RTC/RTC.o
 .text.RTC_setdate
                0x00000000       0xd4 HAL/RTC/RTC.o
 .text.RTC_getdate
                0x00000000       0xd6 HAL/RTC/RTC.o
 .debug_info    0x00000000      0x8b9 HAL/RTC/RTC.o
 .debug_abbrev  0x00000000      0x19c HAL/RTC/RTC.o
 .debug_loc     0x00000000      0x3ad HAL/RTC/RTC.o
 .debug_aranges
                0x00000000       0x50 HAL/RTC/RTC.o
 .debug_ranges  0x00000000       0x40 HAL/RTC/RTC.o
 .debug_line    0x00000000      0x463 HAL/RTC/RTC.o
 .debug_str     0x00000000      0x2e4 HAL/RTC/RTC.o
 .comment       0x00000000       0x31 HAL/RTC/RTC.o
 .debug_frame   0x00000000      0x100 HAL/RTC/RTC.o
 .text          0x00000000        0x0 HAL/UltraSonic/ultrasonic.o
 .data          0x00000000        0x0 HAL/UltraSonic/ultrasonic.o
 .bss           0x00000000        0x0 HAL/UltraSonic/ultrasonic.o
 .text.f1       0x00000000       0x3e HAL/UltraSonic/ultrasonic.o
 .text.UltraSonic_init
                0x00000000       0x26 HAL/UltraSonic/ultrasonic.o
 .text.ultrasonic_getdistance
                0x00000000       0x60 HAL/UltraSonic/ultrasonic.o
 .bss.ultrasonic_flag
                0x00000000        0x1 HAL/UltraSonic/ultrasonic.o
 .debug_info    0x00000000      0x46e HAL/UltraSonic/ultrasonic.o
 .debug_abbrev  0x00000000      0x229 HAL/UltraSonic/ultrasonic.o
 .debug_loc     0x00000000       0x6c HAL/UltraSonic/ultrasonic.o
 .debug_aranges
                0x00000000       0x30 HAL/UltraSonic/ultrasonic.o
 .debug_ranges  0x00000000       0x20 HAL/UltraSonic/ultrasonic.o
 .debug_line    0x00000000      0x2ad HAL/UltraSonic/ultrasonic.o
 .debug_str     0x00000000      0x303 HAL/UltraSonic/ultrasonic.o
 .comment       0x00000000       0x31 HAL/UltraSonic/ultrasonic.o
 .debug_frame   0x00000000       0x44 HAL/UltraSonic/ultrasonic.o
 COMMON         0x00000000        0x4 HAL/UltraSonic/ultrasonic.o
 .text          0x00000000        0x0 main.o
 .data          0x00000000        0x0 main.o
 .bss           0x00000000        0x0 main.o
 .text.f1       0x00000000        0x2 main.o
 .text.f2       0x00000000       0x1a main.o
 .text.f3       0x00000000        0x2 main.o
 .text          0x00000000        0x0 MCAL/ADC/adc.o
 .data          0x00000000        0x0 MCAL/ADC/adc.o
 .bss           0x00000000        0x0 MCAL/ADC/adc.o
 .text.ADC_getDigitalValueSynchBlocking
                0x00000000       0x1c MCAL/ADC/adc.o
 .text.ADC_getDigitalValueSynchNonBlocking
                0x00000000       0x22 MCAL/ADC/adc.o
 .text.ADC_SetCallBack
                0x00000000       0x1a MCAL/ADC/adc.o
 .text.ADC_getreading
                0x00000000        0x6 MCAL/ADC/adc.o
 .text.ADC_getDigitalValueAsynchCallBack
                0x00000000       0x28 MCAL/ADC/adc.o
 .text          0x00000000        0x0 MCAL/DIO/Dio.o
 .data          0x00000000        0x0 MCAL/DIO/Dio.o
 .bss           0x00000000        0x0 MCAL/DIO/Dio.o
 .text.DIO_GetPinValue
                0x00000000       0x6e MCAL/DIO/Dio.o
 .progmem.gcc_sw_table.DIO_GetPinValue
                0x00000000       0x10 MCAL/DIO/Dio.o
 .text.DIO_SetPortDirection
                0x00000000        0x6 MCAL/DIO/Dio.o
 .text.DIO_voidSetPortValue
                0x00000000        0x6 MCAL/DIO/Dio.o
 .text.DIO_GetPortValue
                0x00000000        0x6 MCAL/DIO/Dio.o
 .text.DIO_Toggle_pin
                0x00000000       0x30 MCAL/DIO/Dio.o
 .text          0x00000000        0x0 MCAL/EXT_INT/EXTINT.o
 .data          0x00000000        0x0 MCAL/EXT_INT/EXTINT.o
 .bss           0x00000000        0x0 MCAL/EXT_INT/EXTINT.o
 .text.EXT_voidEnable
                0x00000000       0x66 MCAL/EXT_INT/EXTINT.o
 .text.EXT_voidDisable
                0x00000000       0x18 MCAL/EXT_INT/EXTINT.o
 .text.EXTINT_setcallback
                0x00000000       0x2c MCAL/EXT_INT/EXTINT.o
 .text          0x00000000        0x0 MCAL/IIC/IIC.o
 .data          0x00000000        0x0 MCAL/IIC/IIC.o
 .bss           0x00000000        0x0 MCAL/IIC/IIC.o
 .text.I2C_init
                0x00000000       0x66 MCAL/IIC/IIC.o
 .text.I2C_sendByte
                0x00000000        0xe MCAL/IIC/IIC.o
 .text.I2C_sendStart
                0x00000000        0xc MCAL/IIC/IIC.o
 .text.I2C_sendStop
                0x00000000        0xc MCAL/IIC/IIC.o
 .text.I2C_recieveByte_ACK
                0x00000000       0x12 MCAL/IIC/IIC.o
 .text.I2C_RECIEVENoACK
                0x00000000       0x12 MCAL/IIC/IIC.o
 .text.I2C_getStatus
                0x00000000        0xa MCAL/IIC/IIC.o
 .debug_info    0x00000000      0x1e5 MCAL/IIC/IIC.o
 .debug_abbrev  0x00000000       0xe2 MCAL/IIC/IIC.o
 .debug_loc     0x00000000      0x1cd MCAL/IIC/IIC.o
 .debug_aranges
                0x00000000       0x50 MCAL/IIC/IIC.o
 .debug_ranges  0x00000000       0x40 MCAL/IIC/IIC.o
 .debug_line    0x00000000      0x208 MCAL/IIC/IIC.o
 .debug_str     0x00000000      0x24b MCAL/IIC/IIC.o
 .comment       0x00000000       0x31 MCAL/IIC/IIC.o
 .debug_frame   0x00000000       0x84 MCAL/IIC/IIC.o
 .text          0x00000000        0x0 MCAL/SPI/spi.o
 .data          0x00000000        0x0 MCAL/SPI/spi.o
 .bss           0x00000000        0x0 MCAL/SPI/spi.o
 .text.SPI_init
                0x00000000       0x4e MCAL/SPI/spi.o
 .text.SPI_SendReceive
                0x00000000        0xe MCAL/SPI/spi.o
 .debug_info    0x00000000      0x2be MCAL/SPI/spi.o
 .debug_abbrev  0x00000000      0x113 MCAL/SPI/spi.o
 .debug_loc     0x00000000       0x73 MCAL/SPI/spi.o
 .debug_aranges
                0x00000000       0x28 MCAL/SPI/spi.o
 .debug_ranges  0x00000000       0x18 MCAL/SPI/spi.o
 .debug_line    0x00000000      0x13b MCAL/SPI/spi.o
 .debug_str     0x00000000      0x2de MCAL/SPI/spi.o
 .comment       0x00000000       0x31 MCAL/SPI/spi.o
 .debug_frame   0x00000000       0x34 MCAL/SPI/spi.o
 .text          0x00000000        0x0 MCAL/Timer/Timer.o
 .data          0x00000000        0x0 MCAL/Timer/Timer.o
 .bss           0x00000000        0x0 MCAL/Timer/Timer.o
 .text.Timer0_delay
                0x00000000       0x30 MCAL/Timer/Timer.o
 .text.OVF_duty_callback
                0x00000000       0x14 MCAL/Timer/Timer.o
 .text.Timer0_Init
                0x00000000       0x9a MCAL/Timer/Timer.o
 .text.Timer0_start
                0x00000000        0xe MCAL/Timer/Timer.o
 .text.Timer0_stop
                0x00000000        0x8 MCAL/Timer/Timer.o
 .text.setFastPWM
                0x00000000       0x16 MCAL/Timer/Timer.o
 .text.setphaseCorrectPWM
                0x00000000       0x2c MCAL/Timer/Timer.o
 .text.Timer0_GetCounts
                0x00000000       0x24 MCAL/Timer/Timer.o
 .text.Timer0_EnableInt
                0x00000000       0x1a MCAL/Timer/Timer.o
 .text.Timer0_DisableInt
                0x00000000       0x1a MCAL/Timer/Timer.o
 .text.Timer0_setCallBack
                0x00000000       0x2a MCAL/Timer/Timer.o
 .text.Timer0_setDelayTimeMilliSec
                0x00000000       0x92 MCAL/Timer/Timer.o
 .text.Timer1_Init
                0x00000000       0x5e MCAL/Timer/Timer.o
 .text.Timer1_InputCaptureEdge
                0x00000000       0x18 MCAL/Timer/Timer.o
 .text.duty_callback
                0x00000000       0xc0 MCAL/Timer/Timer.o
 .text.ICU_TakeReading
                0x00000000        0x6 MCAL/Timer/Timer.o
 .text.duty_calculate_Blocking
                0x00000000       0xb4 MCAL/Timer/Timer.o
 .text.Timer1_ICU_InterruptEnable
                0x00000000        0x8 MCAL/Timer/Timer.o
 .text.Timer1_ICU_InterruptDisable
                0x00000000        0x8 MCAL/Timer/Timer.o
 .text.Timer1_OVF_InterruptEnable
                0x00000000        0x8 MCAL/Timer/Timer.o
 .text.Timer1_OVF_InterruptDisable
                0x00000000        0x8 MCAL/Timer/Timer.o
 .text.Timer1_OCA_InterruptEnable
                0x00000000        0x8 MCAL/Timer/Timer.o
 .text.Timer1_OCA_InterruptDisable
                0x00000000        0x8 MCAL/Timer/Timer.o
 .text.Timer1_OCB_InterruptEnable
                0x00000000        0x8 MCAL/Timer/Timer.o
 .text.Timer1_OCB_InterruptDisable
                0x00000000        0x8 MCAL/Timer/Timer.o
 .text.Timer1_OVF_SetCallBack
                0x00000000        0xa MCAL/Timer/Timer.o
 .text.Timer1_OCA_SetCallBack
                0x00000000        0xa MCAL/Timer/Timer.o
 .text.Timer1_OCB_SetCallBack
                0x00000000        0xa MCAL/Timer/Timer.o
 .text.Timer1_ICU_SetCallBack
                0x00000000        0xa MCAL/Timer/Timer.o
 .text.duty_calculate
                0x00000000       0xca MCAL/Timer/Timer.o
 .bss.c.1743    0x00000000        0x2 MCAL/Timer/Timer.o
 .bss.icu_ovf   0x00000000        0x2 MCAL/Timer/Timer.o
 .bss.icuflag   0x00000000        0x2 MCAL/Timer/Timer.o
 .bss.ovf2      0x00000000        0x2 MCAL/Timer/Timer.o
 .bss.ovf1      0x00000000        0x2 MCAL/Timer/Timer.o
 .bss.t3        0x00000000        0x2 MCAL/Timer/Timer.o
 .bss.t2        0x00000000        0x2 MCAL/Timer/Timer.o
 .bss.t1        0x00000000        0x2 MCAL/Timer/Timer.o
 .bss.ov_flag   0x00000000        0x1 MCAL/Timer/Timer.o
 .bss.OVF_Num   0x00000000        0x2 MCAL/Timer/Timer.o
 .text          0x00000000        0x0 MCAL/UART/uart.o
 .data          0x00000000        0x0 MCAL/UART/uart.o
 .bss           0x00000000        0x0 MCAL/UART/uart.o
 .text.ReciveDataNoBlock_callback
                0x00000000       0x54 MCAL/UART/uart.o
 .text.Uart_SendString
                0x00000000       0x2c MCAL/UART/uart.o
 .text.Uart_RX_InterruptEnable
                0x00000000        0x8 MCAL/UART/uart.o
 .text.Uart_RX_InterruptDisable
                0x00000000        0x8 MCAL/UART/uart.o
 .text.Uart_TX_InterruptEnable
                0x00000000        0x8 MCAL/UART/uart.o
 .text.Uart_TX_InterruptDisable
                0x00000000        0x8 MCAL/UART/uart.o
 .text.Uart_RX_SetCallBack
                0x00000000        0xe MCAL/UART/uart.o
 .text.ReciveString_NOBLOCK
                0x00000000       0x52 MCAL/UART/uart.o
 .text.Uart_TX_SetCallBack
                0x00000000        0xe MCAL/UART/uart.o
 .bss.i.1641    0x00000000        0x2 MCAL/UART/uart.o
 .bss.uart_flag
                0x00000000        0x1 MCAL/UART/uart.o
 COMMON         0x00000000       0x64 MCAL/UART/uart.o
 .text          0x00000000        0x0 c:/program files (x86)/atmel/studio/7.0/toolchain/avr8/avr8-gnu-toolchain/bin/../lib/gcc/avr/5.4.0/avr5\libgcc.a(_udivmodhi4.o)
 .data          0x00000000        0x0 c:/program files (x86)/atmel/studio/7.0/toolchain/avr8/avr8-gnu-toolchain/bin/../lib/gcc/avr/5.4.0/avr5\libgcc.a(_udivmodhi4.o)
 .bss           0x00000000        0x0 c:/program files (x86)/atmel/studio/7.0/toolchain/avr8/avr8-gnu-toolchain/bin/../lib/gcc/avr/5.4.0/avr5\libgcc.a(_udivmodhi4.o)
 .text.libgcc.mul
                0x00000000        0x0 c:/program files (x86)/atmel/studio/7.0/toolchain/avr8/avr8-gnu-toolchain/bin/../lib/gcc/avr/5.4.0/avr5\libgcc.a(_udivmodhi4.o)
 .text.libgcc.div
                0x00000000       0x28 c:/program files (x86)/atmel/studio/7.0/toolchain/avr8/avr8-gnu-toolchain/bin/../lib/gcc/avr/5.4.0/avr5\libgcc.a(_udivmodhi4.o)
 .text.libgcc   0x00000000        0x0 c:/program files (x86)/atmel/studio/7.0/toolchain/avr8/avr8-gnu-toolchain/bin/../lib/gcc/avr/5.4.0/avr5\libgcc.a(_udivmodhi4.o)
 .text.libgcc.prologue
                0x00000000        0x0 c:/program files (x86)/atmel/studio/7.0/toolchain/avr8/avr8-gnu-toolchain/bin/../lib/gcc/avr/5.4.0/avr5\libgcc.a(_udivmodhi4.o)
 .text.libgcc.builtins
                0x00000000        0x0 c:/program files (x86)/atmel/studio/7.0/toolchain/avr8/avr8-gnu-toolchain/bin/../lib/gcc/avr/5.4.0/avr5\libgcc.a(_udivmodhi4.o)
 .text.libgcc.fmul
                0x00000000        0x0 c:/program files (x86)/atmel/studio/7.0/toolchain/avr8/avr8-gnu-toolchain/bin/../lib/gcc/avr/5.4.0/avr5\libgcc.a(_udivmodhi4.o)
 .text.libgcc.fixed
                0x00000000        0x0 c:/program files (x86)/atmel/studio/7.0/toolchain/avr8/avr8-gnu-toolchain/bin/../lib/gcc/avr/5.4.0/avr5\libgcc.a(_udivmodhi4.o)
 .text          0x00000000        0x0 c:/program files (x86)/atmel/studio/7.0/toolchain/avr8/avr8-gnu-toolchain/bin/../lib/gcc/avr/5.4.0/avr5\libgcc.a(_divmodhi4.o)
 .data          0x00000000        0x0 c:/program files (x86)/atmel/studio/7.0/toolchain/avr8/avr8-gnu-toolchain/bin/../lib/gcc/avr/5.4.0/avr5\libgcc.a(_divmodhi4.o)
 .bss           0x00000000        0x0 c:/program files (x86)/atmel/studio/7.0/toolchain/avr8/avr8-gnu-toolchain/bin/../lib/gcc/avr/5.4.0/avr5\libgcc.a(_divmodhi4.o)
 .text.libgcc.mul
                0x00000000        0x0 c:/program files (x86)/atmel/studio/7.0/toolchain/avr8/avr8-gnu-toolchain/bin/../lib/gcc/avr/5.4.0/avr5\libgcc.a(_divmodhi4.o)
 .text.libgcc.div
                0x00000000       0x28 c:/program files (x86)/atmel/studio/7.0/toolchain/avr8/avr8-gnu-toolchain/bin/../lib/gcc/avr/5.4.0/avr5\libgcc.a(_divmodhi4.o)
 .text.libgcc   0x00000000        0x0 c:/program files (x86)/atmel/studio/7.0/toolchain/avr8/avr8-gnu-toolchain/bin/../lib/gcc/avr/5.4.0/avr5\libgcc.a(_divmodhi4.o)
 .text.libgcc.prologue
                0x00000000        0x0 c:/program files (x86)/atmel/studio/7.0/toolchain/avr8/avr8-gnu-toolchain/bin/../lib/gcc/avr/5.4.0/avr5\libgcc.a(_divmodhi4.o)
 .text.libgcc.builtins
                0x00000000        0x0 c:/program files (x86)/atmel/studio/7.0/toolchain/avr8/avr8-gnu-toolchain/bin/../lib/gcc/avr/5.4.0/avr5\libgcc.a(_divmodhi4.o)
 .text.libgcc.fmul
                0x00000000        0x0 c:/program files (x86)/atmel/studio/7.0/toolchain/avr8/avr8-gnu-toolchain/bin/../lib/gcc/avr/5.4.0/avr5\libgcc.a(_divmodhi4.o)
 .text.libgcc.fixed
                0x00000000        0x0 c:/program files (x86)/atmel/studio/7.0/toolchain/avr8/avr8-gnu-toolchain/bin/../lib/gcc/avr/5.4.0/avr5\libgcc.a(_divmodhi4.o)
 .text          0x00000000        0x0 c:/program files (x86)/atmel/studio/7.0/toolchain/avr8/avr8-gnu-toolchain/bin/../lib/gcc/avr/5.4.0/avr5\libgcc.a(_udivmodsi4.o)
 .data          0x00000000        0x0 c:/program files (x86)/atmel/studio/7.0/toolchain/avr8/avr8-gnu-toolchain/bin/../lib/gcc/avr/5.4.0/avr5\libgcc.a(_udivmodsi4.o)
 .bss           0x00000000        0x0 c:/program files (x86)/atmel/studio/7.0/toolchain/avr8/avr8-gnu-toolchain/bin/../lib/gcc/avr/5.4.0/avr5\libgcc.a(_udivmodsi4.o)
 .text.libgcc.mul
                0x00000000        0x0 c:/program files (x86)/atmel/studio/7.0/toolchain/avr8/avr8-gnu-toolchain/bin/../lib/gcc/avr/5.4.0/avr5\libgcc.a(_udivmodsi4.o)
 .text.libgcc.div
                0x00000000       0x44 c:/program files (x86)/atmel/studio/7.0/toolchain/avr8/avr8-gnu-toolchain/bin/../lib/gcc/avr/5.4.0/avr5\libgcc.a(_udivmodsi4.o)
 .text.libgcc   0x00000000        0x0 c:/program files (x86)/atmel/studio/7.0/toolchain/avr8/avr8-gnu-toolchain/bin/../lib/gcc/avr/5.4.0/avr5\libgcc.a(_udivmodsi4.o)
 .text.libgcc.prologue
                0x00000000        0x0 c:/program files (x86)/atmel/studio/7.0/toolchain/avr8/avr8-gnu-toolchain/bin/../lib/gcc/avr/5.4.0/avr5\libgcc.a(_udivmodsi4.o)
 .text.libgcc.builtins
                0x00000000        0x0 c:/program files (x86)/atmel/studio/7.0/toolchain/avr8/avr8-gnu-toolchain/bin/../lib/gcc/avr/5.4.0/avr5\libgcc.a(_udivmodsi4.o)
 .text.libgcc.fmul
                0x00000000        0x0 c:/program files (x86)/atmel/studio/7.0/toolchain/avr8/avr8-gnu-toolchain/bin/../lib/gcc/avr/5.4.0/avr5\libgcc.a(_udivmodsi4.o)
 .text.libgcc.fixed
                0x00000000        0x0 c:/program files (x86)/atmel/studio/7.0/toolchain/avr8/avr8-gnu-toolchain/bin/../lib/gcc/avr/5.4.0/avr5\libgcc.a(_udivmodsi4.o)
 .text          0x00000000        0x0 c:/program files (x86)/atmel/studio/7.0/toolchain/avr8/avr8-gnu-toolchain/bin/../lib/gcc/avr/5.4.0/avr5\libgcc.a(_divmodsi4.o)
 .data          0x00000000        0x0 c:/program files (x86)/atmel/studio/7.0/toolchain/avr8/avr8-gnu-toolchain/bin/../lib/gcc/avr/5.4.0/avr5\libgcc.a(_divmodsi4.o)
 .bss           0x00000000        0x0 c:/program files (x86)/atmel/studio/7.0/toolchain/avr8/avr8-gnu-toolchain/bin/../lib/gcc/avr/5.4.0/avr5\libgcc.a(_divmodsi4.o)
 .text.libgcc.mul
                0x00000000        0x0 c:/program files (x86)/atmel/studio/7.0/toolchain/avr8/avr8-gnu-toolchain/bin/../lib/gcc/avr/5.4.0/avr5\libgcc.a(_divmodsi4.o)
 .text.libgcc.div
                0x00000000       0x2e c:/program files (x86)/atmel/studio/7.0/toolchain/avr8/avr8-gnu-toolchain/bin/../lib/gcc/avr/5.4.0/avr5\libgcc.a(_divmodsi4.o)
 .text.libgcc   0x00000000        0x0 c:/program files (x86)/atmel/studio/7.0/toolchain/avr8/avr8-gnu-toolchain/bin/../lib/gcc/avr/5.4.0/avr5\libgcc.a(_divmodsi4.o)
 .text.libgcc.prologue
                0x00000000        0x0 c:/program files (x86)/atmel/studio/7.0/toolchain/avr8/avr8-gnu-toolchain/bin/../lib/gcc/avr/5.4.0/avr5\libgcc.a(_divmodsi4.o)
 .text.libgcc.builtins
                0x00000000        0x0 c:/program files (x86)/atmel/studio/7.0/toolchain/avr8/avr8-gnu-toolchain/bin/../lib/gcc/avr/5.4.0/avr5\libgcc.a(_divmodsi4.o)
 .text.libgcc.fmul
                0x00000000        0x0 c:/program files (x86)/atmel/studio/7.0/toolchain/avr8/avr8-gnu-toolchain/bin/../lib/gcc/avr/5.4.0/avr5\libgcc.a(_divmodsi4.o)
 .text.libgcc.fixed
                0x00000000        0x0 c:/program files (x86)/atmel/studio/7.0/toolchain/avr8/avr8-gnu-toolchain/bin/../lib/gcc/avr/5.4.0/avr5\libgcc.a(_divmodsi4.o)
 .text          0x00000000        0x0 c:/program files (x86)/atmel/studio/7.0/toolchain/avr8/avr8-gnu-toolchain/bin/../lib/gcc/avr/5.4.0/avr5\libgcc.a(_negsi2.o)
 .data          0x00000000        0x0 c:/program files (x86)/atmel/studio/7.0/toolchain/avr8/avr8-gnu-toolchain/bin/../lib/gcc/avr/5.4.0/avr5\libgcc.a(_negsi2.o)
 .bss           0x00000000        0x0 c:/program files (x86)/atmel/studio/7.0/toolchain/avr8/avr8-gnu-toolchain/bin/../lib/gcc/avr/5.4.0/avr5\libgcc.a(_negsi2.o)
 .text.libgcc.mul
                0x00000000        0x0 c:/program files (x86)/atmel/studio/7.0/toolchain/avr8/avr8-gnu-toolchain/bin/../lib/gcc/avr/5.4.0/avr5\libgcc.a(_negsi2.o)
 .text.libgcc.div
                0x00000000       0x10 c:/program files (x86)/atmel/studio/7.0/toolchain/avr8/avr8-gnu-toolchain/bin/../lib/gcc/avr/5.4.0/avr5\libgcc.a(_negsi2.o)
 .text.libgcc   0x00000000        0x0 c:/program files (x86)/atmel/studio/7.0/toolchain/avr8/avr8-gnu-toolchain/bin/../lib/gcc/avr/5.4.0/avr5\libgcc.a(_negsi2.o)
 .text.libgcc.prologue
                0x00000000        0x0 c:/program files (x86)/atmel/studio/7.0/toolchain/avr8/avr8-gnu-toolchain/bin/../lib/gcc/avr/5.4.0/avr5\libgcc.a(_negsi2.o)
 .text.libgcc.builtins
                0x00000000        0x0 c:/program files (x86)/atmel/studio/7.0/toolchain/avr8/avr8-gnu-toolchain/bin/../lib/gcc/avr/5.4.0/avr5\libgcc.a(_negsi2.o)
 .text.libgcc.fmul
                0x00000000        0x0 c:/program files (x86)/atmel/studio/7.0/toolchain/avr8/avr8-gnu-toolchain/bin/../lib/gcc/avr/5.4.0/avr5\libgcc.a(_negsi2.o)
 .text.libgcc.fixed
                0x00000000        0x0 c:/program files (x86)/atmel/studio/7.0/toolchain/avr8/avr8-gnu-toolchain/bin/../lib/gcc/avr/5.4.0/avr5\libgcc.a(_negsi2.o)
 .text          0x00000000        0x0 c:/program files (x86)/atmel/studio/7.0/toolchain/avr8/avr8-gnu-toolchain/bin/../lib/gcc/avr/5.4.0/avr5\libgcc.a(_exit.o)
 .data          0x00000000        0x0 c:/program files (x86)/atmel/studio/7.0/toolchain/avr8/avr8-gnu-toolchain/bin/../lib/gcc/avr/5.4.0/avr5\libgcc.a(_exit.o)
 .bss           0x00000000        0x0 c:/program files (x86)/atmel/studio/7.0/toolchain/avr8/avr8-gnu-toolchain/bin/../lib/gcc/avr/5.4.0/avr5\libgcc.a(_exit.o)
 .text.libgcc.mul
                0x00000000        0x0 c:/program files (x86)/atmel/studio/7.0/toolchain/avr8/avr8-gnu-toolchain/bin/../lib/gcc/avr/5.4.0/avr5\libgcc.a(_exit.o)
 .text.libgcc.div
                0x00000000        0x0 c:/program files (x86)/atmel/studio/7.0/toolchain/avr8/avr8-gnu-toolchain/bin/../lib/gcc/avr/5.4.0/avr5\libgcc.a(_exit.o)
 .text.libgcc   0x00000000        0x0 c:/program files (x86)/atmel/studio/7.0/toolchain/avr8/avr8-gnu-toolchain/bin/../lib/gcc/avr/5.4.0/avr5\libgcc.a(_exit.o)
 .text.libgcc.prologue
                0x00000000        0x0 c:/program files (x86)/atmel/studio/7.0/toolchain/avr8/avr8-gnu-toolchain/bin/../lib/gcc/avr/5.4.0/avr5\libgcc.a(_exit.o)
 .text.libgcc.builtins
                0x00000000        0x0 c:/program files (x86)/atmel/studio/7.0/toolchain/avr8/avr8-gnu-toolchain/bin/../lib/gcc/avr/5.4.0/avr5\libgcc.a(_exit.o)
 .text.libgcc.fmul
                0x00000000        0x0 c:/program files (x86)/atmel/studio/7.0/toolchain/avr8/avr8-gnu-toolchain/bin/../lib/gcc/avr/5.4.0/avr5\libgcc.a(_exit.o)
 .text.libgcc.fixed
                0x00000000        0x0 c:/program files (x86)/atmel/studio/7.0/toolchain/avr8/avr8-gnu-toolchain/bin/../lib/gcc/avr/5.4.0/avr5\libgcc.a(_exit.o)
 .text          0x00000000        0x0 c:/program files (x86)/atmel/studio/7.0/toolchain/avr8/avr8-gnu-toolchain/bin/../lib/gcc/avr/5.4.0/avr5\libgcc.a(_tablejump2.o)
 .data          0x00000000        0x0 c:/program files (x86)/atmel/studio/7.0/toolchain/avr8/avr8-gnu-toolchain/bin/../lib/gcc/avr/5.4.0/avr5\libgcc.a(_tablejump2.o)
 .bss           0x00000000        0x0 c:/program files (x86)/atmel/studio/7.0/toolchain/avr8/avr8-gnu-toolchain/bin/../lib/gcc/avr/5.4.0/avr5\libgcc.a(_tablejump2.o)
 .text.libgcc.mul
                0x00000000        0x0 c:/program files (x86)/atmel/studio/7.0/toolchain/avr8/avr8-gnu-toolchain/bin/../lib/gcc/avr/5.4.0/avr5\libgcc.a(_tablejump2.o)
 .text.libgcc.div
                0x00000000        0x0 c:/program files (x86)/atmel/studio/7.0/toolchain/avr8/avr8-gnu-toolchain/bin/../lib/gcc/avr/5.4.0/avr5\libgcc.a(_tablejump2.o)
 .text.libgcc.prologue
                0x00000000        0x0 c:/program files (x86)/atmel/studio/7.0/toolchain/avr8/avr8-gnu-toolchain/bin/../lib/gcc/avr/5.4.0/avr5\libgcc.a(_tablejump2.o)
 .text.libgcc.builtins
                0x00000000        0x0 c:/program files (x86)/atmel/studio/7.0/toolchain/avr8/avr8-gnu-toolchain/bin/../lib/gcc/avr/5.4.0/avr5\libgcc.a(_tablejump2.o)
 .text.libgcc.fmul
                0x00000000        0x0 c:/program files (x86)/atmel/studio/7.0/toolchain/avr8/avr8-gnu-toolchain/bin/../lib/gcc/avr/5.4.0/avr5\libgcc.a(_tablejump2.o)
 .text.libgcc.fixed
                0x00000000        0x0 c:/program files (x86)/atmel/studio/7.0/toolchain/avr8/avr8-gnu-toolchain/bin/../lib/gcc/avr/5.4.0/avr5\libgcc.a(_tablejump2.o)
 .text          0x00000000        0x0 c:/program files (x86)/atmel/studio/7.0/toolchain/avr8/avr8-gnu-toolchain/bin/../lib/gcc/avr/5.4.0/avr5\libgcc.a(_copy_data.o)
 .data          0x00000000        0x0 c:/program files (x86)/atmel/studio/7.0/toolchain/avr8/avr8-gnu-toolchain/bin/../lib/gcc/avr/5.4.0/avr5\libgcc.a(_copy_data.o)
 .bss           0x00000000        0x0 c:/program files (x86)/atmel/studio/7.0/toolchain/avr8/avr8-gnu-toolchain/bin/../lib/gcc/avr/5.4.0/avr5\libgcc.a(_copy_data.o)
 .text.libgcc.mul
                0x00000000        0x0 c:/program files (x86)/atmel/studio/7.0/toolchain/avr8/avr8-gnu-toolchain/bin/../lib/gcc/avr/5.4.0/avr5\libgcc.a(_copy_data.o)
 .text.libgcc.div
                0x00000000        0x0 c:/program files (x86)/atmel/studio/7.0/toolchain/avr8/avr8-gnu-toolchain/bin/../lib/gcc/avr/5.4.0/avr5\libgcc.a(_copy_data.o)
 .text.libgcc   0x00000000        0x0 c:/program files (x86)/atmel/studio/7.0/toolchain/avr8/avr8-gnu-toolchain/bin/../lib/gcc/avr/5.4.0/avr5\libgcc.a(_copy_data.o)
 .text.libgcc.prologue
                0x00000000        0x0 c:/program files (x86)/atmel/studio/7.0/toolchain/avr8/avr8-gnu-toolchain/bin/../lib/gcc/avr/5.4.0/avr5\libgcc.a(_copy_data.o)
 .text.libgcc.builtins
                0x00000000        0x0 c:/program files (x86)/atmel/studio/7.0/toolchain/avr8/avr8-gnu-toolchain/bin/../lib/gcc/avr/5.4.0/avr5\libgcc.a(_copy_data.o)
 .text.libgcc.fmul
                0x00000000        0x0 c:/program files (x86)/atmel/studio/7.0/toolchain/avr8/avr8-gnu-toolchain/bin/../lib/gcc/avr/5.4.0/avr5\libgcc.a(_copy_data.o)
 .text.libgcc.fixed
                0x00000000        0x0 c:/program files (x86)/atmel/studio/7.0/toolchain/avr8/avr8-gnu-toolchain/bin/../lib/gcc/avr/5.4.0/avr5\libgcc.a(_copy_data.o)
 .text          0x00000000        0x0 c:/program files (x86)/atmel/studio/7.0/toolchain/avr8/avr8-gnu-toolchain/bin/../lib/gcc/avr/5.4.0/avr5\libgcc.a(_clear_bss.o)
 .data          0x00000000        0x0 c:/program files (x86)/atmel/studio/7.0/toolchain/avr8/avr8-gnu-toolchain/bin/../lib/gcc/avr/5.4.0/avr5\libgcc.a(_clear_bss.o)
 .bss           0x00000000        0x0 c:/program files (x86)/atmel/studio/7.0/toolchain/avr8/avr8-gnu-toolchain/bin/../lib/gcc/avr/5.4.0/avr5\libgcc.a(_clear_bss.o)
 .text.libgcc.mul
                0x00000000        0x0 c:/program files (x86)/atmel/studio/7.0/toolchain/avr8/avr8-gnu-toolchain/bin/../lib/gcc/avr/5.4.0/avr5\libgcc.a(_clear_bss.o)
 .text.libgcc.div
                0x00000000        0x0 c:/program files (x86)/atmel/studio/7.0/toolchain/avr8/avr8-gnu-toolchain/bin/../lib/gcc/avr/5.4.0/avr5\libgcc.a(_clear_bss.o)
 .text.libgcc   0x00000000        0x0 c:/program files (x86)/atmel/studio/7.0/toolchain/avr8/avr8-gnu-toolchain/bin/../lib/gcc/avr/5.4.0/avr5\libgcc.a(_clear_bss.o)
 .text.libgcc.prologue
                0x00000000        0x0 c:/program files (x86)/atmel/studio/7.0/toolchain/avr8/avr8-gnu-toolchain/bin/../lib/gcc/avr/5.4.0/avr5\libgcc.a(_clear_bss.o)
 .text.libgcc.builtins
                0x00000000        0x0 c:/program files (x86)/atmel/studio/7.0/toolchain/avr8/avr8-gnu-toolchain/bin/../lib/gcc/avr/5.4.0/avr5\libgcc.a(_clear_bss.o)
 .text.libgcc.fmul
                0x00000000        0x0 c:/program files (x86)/atmel/studio/7.0/toolchain/avr8/avr8-gnu-toolchain/bin/../lib/gcc/avr/5.4.0/avr5\libgcc.a(_clear_bss.o)
 .text.libgcc.fixed
                0x00000000        0x0 c:/program files (x86)/atmel/studio/7.0/toolchain/avr8/avr8-gnu-toolchain/bin/../lib/gcc/avr/5.4.0/avr5\libgcc.a(_clear_bss.o)
 .text          0x00000000        0x0 c:/program files (x86)/atmel/studio/7.0/toolchain/avr8/avr8-gnu-toolchain/bin/../lib/gcc/avr/5.4.0/avr5\libgcc.a(_umulhisi3.o)
 .data          0x00000000        0x0 c:/program files (x86)/atmel/studio/7.0/toolchain/avr8/avr8-gnu-toolchain/bin/../lib/gcc/avr/5.4.0/avr5\libgcc.a(_umulhisi3.o)
 .bss           0x00000000        0x0 c:/program files (x86)/atmel/studio/7.0/toolchain/avr8/avr8-gnu-toolchain/bin/../lib/gcc/avr/5.4.0/avr5\libgcc.a(_umulhisi3.o)
 .text.libgcc.mul
                0x00000000       0x1e c:/program files (x86)/atmel/studio/7.0/toolchain/avr8/avr8-gnu-toolchain/bin/../lib/gcc/avr/5.4.0/avr5\libgcc.a(_umulhisi3.o)
 .text.libgcc.div
                0x00000000        0x0 c:/program files (x86)/atmel/studio/7.0/toolchain/avr8/avr8-gnu-toolchain/bin/../lib/gcc/avr/5.4.0/avr5\libgcc.a(_umulhisi3.o)
 .text.libgcc   0x00000000        0x0 c:/program files (x86)/atmel/studio/7.0/toolchain/avr8/avr8-gnu-toolchain/bin/../lib/gcc/avr/5.4.0/avr5\libgcc.a(_umulhisi3.o)
 .text.libgcc.prologue
                0x00000000        0x0 c:/program files (x86)/atmel/studio/7.0/toolchain/avr8/avr8-gnu-toolchain/bin/../lib/gcc/avr/5.4.0/avr5\libgcc.a(_umulhisi3.o)
 .text.libgcc.builtins
                0x00000000        0x0 c:/program files (x86)/atmel/studio/7.0/toolchain/avr8/avr8-gnu-toolchain/bin/../lib/gcc/avr/5.4.0/avr5\libgcc.a(_umulhisi3.o)
 .text.libgcc.fmul
                0x00000000        0x0 c:/program files (x86)/atmel/studio/7.0/toolchain/avr8/avr8-gnu-toolchain/bin/../lib/gcc/avr/5.4.0/avr5\libgcc.a(_umulhisi3.o)
 .text.libgcc.fixed
                0x00000000        0x0 c:/program files (x86)/atmel/studio/7.0/toolchain/avr8/avr8-gnu-toolchain/bin/../lib/gcc/avr/5.4.0/avr5\libgcc.a(_umulhisi3.o)
 .text          0x00000000        0x0 c:/program files (x86)/atmel/studio/7.0/toolchain/avr8/avr8-gnu-toolchain/bin/../lib/gcc/avr/5.4.0/avr5\libgcc.a(_muluhisi3.o)
 .data          0x00000000        0x0 c:/program files (x86)/atmel/studio/7.0/toolchain/avr8/avr8-gnu-toolchain/bin/../lib/gcc/avr/5.4.0/avr5\libgcc.a(_muluhisi3.o)
 .bss           0x00000000        0x0 c:/program files (x86)/atmel/studio/7.0/toolchain/avr8/avr8-gnu-toolchain/bin/../lib/gcc/avr/5.4.0/avr5\libgcc.a(_muluhisi3.o)
 .text.libgcc.mul
                0x00000000       0x16 c:/program files (x86)/atmel/studio/7.0/toolchain/avr8/avr8-gnu-toolchain/bin/../lib/gcc/avr/5.4.0/avr5\libgcc.a(_muluhisi3.o)
 .text.libgcc.div
                0x00000000        0x0 c:/program files (x86)/atmel/studio/7.0/toolchain/avr8/avr8-gnu-toolchain/bin/../lib/gcc/avr/5.4.0/avr5\libgcc.a(_muluhisi3.o)
 .text.libgcc   0x00000000        0x0 c:/program files (x86)/atmel/studio/7.0/toolchain/avr8/avr8-gnu-toolchain/bin/../lib/gcc/avr/5.4.0/avr5\libgcc.a(_muluhisi3.o)
 .text.libgcc.prologue
                0x00000000        0x0 c:/program files (x86)/atmel/studio/7.0/toolchain/avr8/avr8-gnu-toolchain/bin/../lib/gcc/avr/5.4.0/avr5\libgcc.a(_muluhisi3.o)
 .text.libgcc.builtins
                0x00000000        0x0 c:/program files (x86)/atmel/studio/7.0/toolchain/avr8/avr8-gnu-toolchain/bin/../lib/gcc/avr/5.4.0/avr5\libgcc.a(_muluhisi3.o)
 .text.libgcc.fmul
                0x00000000        0x0 c:/program files (x86)/atmel/studio/7.0/toolchain/avr8/avr8-gnu-toolchain/bin/../lib/gcc/avr/5.4.0/avr5\libgcc.a(_muluhisi3.o)
 .text.libgcc.fixed
                0x00000000        0x0 c:/program files (x86)/atmel/studio/7.0/toolchain/avr8/avr8-gnu-toolchain/bin/../lib/gcc/avr/5.4.0/avr5\libgcc.a(_muluhisi3.o)

Memory Configuration

Name             Origin             Length             Attributes
text             0x00000000         0x00008000         xr
data             0x00800060         0x00000800         rw !x
eeprom           0x00810000         0x00000400         rw !x
fuse             0x00820000         0x00000002         rw !x
lock             0x00830000         0x00000400         rw !x
signature        0x00840000         0x00000400         rw !x
user_signatures  0x00850000         0x00000400         rw !x
*default*        0x00000000         0xffffffff

Linker script and memory map

LOAD C:/Program Files (x86)/Atmel/Studio/7.0/Packs/atmel/ATmega_DFP/1.7.374/gcc/dev/atmega32/avr5/crtatmega32.o
LOAD APP/CoolingSystem/coolingsystem.o
LOAD APP/Data_password/Password.o
LOAD APP/Login System/LoginSystem.o
LOAD GI/GIE.o
LOAD HAL/7SEG/sevensegment.o
LOAD HAL/EEPROM/eeprom.o
LOAD HAL/FingerPrint/fingerprint.o
LOAD HAL/KeyPad/keypad.o
LOAD HAL/LCD/lcd.o
LOAD HAL/Lm35/lm35.o
LOAD HAL/RTC/RTC.o
LOAD HAL/UltraSonic/ultrasonic.o
LOAD main.o
LOAD MCAL/ADC/adc.o
LOAD MCAL/DIO/Dio.o
LOAD MCAL/EXT_INT/EXTINT.o
LOAD MCAL/IIC/IIC.o
LOAD MCAL/SPI/spi.o
LOAD MCAL/Timer/Timer.o
LOAD MCAL/UART/uart.o
START GROUP
LOAD c:/program files (x86)/atmel/studio/7.0/toolchain/avr8/avr8-gnu-toolchain/bin/../lib/gcc/avr/5.4.0/../../../../avr/lib/avr5\libm.a
END GROUP
START GROUP
LOAD c:/program files (x86)/atmel/studio/7.0/toolchain/avr8/avr8-gnu-toolchain/bin/../lib/gcc/avr/5.4.0/avr5\libgcc.a
LOAD c:/program files (x86)/atmel/studio/7.0/toolchain/avr8/avr8-gnu-toolchain/bin/../lib/gcc/avr/5.4.0/../../../../avr/lib/avr5\libm.a
LOAD c:/program files (x86)/atmel/studio/7.0/toolchain/avr8/avr8-gnu-toolchain/bin/../lib/gcc/avr/5.4.0/../../../../avr/lib/avr5\libc.a
LOAD C:/Program Files (x86)/Atmel/Studio/7.0/Packs/atmel/ATmega_DFP/1.7.374/gcc/dev/atmega32/avr5\libatmega32.a
END GROUP
                0x00000000                __TEXT_REGION_ORIGIN__ = DEFINED (__TEXT_REGION_ORIGIN__)?__TEXT_REGION_ORIGIN__:0x0
                [0x00800060]                __DATA_REGION_ORIGIN__ = DEFINED (__DATA_REGION_ORIGIN__)?__DATA_REGION_ORIGIN__:0x800060
                [0x00008000]                __TEXT_REGION_LENGTH__ = DEFINED (__TEXT_REGION_LENGTH__)?__TEXT_REGION_LENGTH__:0x20000
                [0x00000800]                __DATA_REGION_LENGTH__ = DEFINED (__DATA_REGION_LENGTH__)?__DATA_REGION_LENGTH__:0xffa0
                [0x00000400]                __EEPROM_REGION_LENGTH__ = DEFINED (__EEPROM_REGION_LENGTH__)?__EEPROM_REGION_LENGTH__:0x10000
                [0x00000002]                __FUSE_REGION_LENGTH__ = DEFINED (__FUSE_REGION_LENGTH__)?__FUSE_REGION_LENGTH__:0x400
                0x00000400                __LOCK_REGION_LENGTH__ = DEFINED (__LOCK_REGION_LENGTH__)?__LOCK_REGION_LENGTH__:0x400
                0x00000400                __SIGNATURE_REGION_LENGTH__ = DEFINED (__SIGNATURE_REGION_LENGTH__)?__SIGNATURE_REGION_LENGTH__:0x400
                0x00000400                __USER_SIGNATURE_REGION_LENGTH__ = DEFINED (__USER_SIGNATURE_REGION_LENGTH__)?__USER_SIGNATURE_REGION_LENGTH__:0x400

.hash
 *(.hash)

.dynsym
 *(.dynsym)

.dynstr
 *(.dynstr)

.gnu.version
 *(.gnu.version)

.gnu.version_d
 *(.gnu.version_d)

.gnu.version_r
 *(.gnu.version_r)

.rel.init
 *(.rel.init)

.rela.init
 *(.rela.init)

.rel.text
 *(.rel.text)
 *(.rel.text.*)
 *(.rel.gnu.linkonce.t*)

.rela.text
 *(.rela.text)
 *(.rela.text.*)
 *(.rela.gnu.linkonce.t*)

.rel.fini
 *(.rel.fini)

.rela.fini
 *(.rela.fini)

.rel.rodata
 *(.rel.rodata)
 *(.rel.rodata.*)
 *(.rel.gnu.linkonce.r*)

.rela.rodata
 *(.rela.rodata)
 *(.rela.rodata.*)
 *(.rela.gnu.linkonce.r*)

.rel.data
 *(.rel.data)
 *(.rel.data.*)
 *(.rel.gnu.linkonce.d*)

.rela.data
 *(.rela.data)
 *(.rela.data.*)
 *(.rela.gnu.linkonce.d*)

.rel.ctors
 *(.rel.ctors)

.rela.ctors
 *(.rela.ctors)

.rel.dtors
 *(.rel.dtors)

.rela.dtors
 *(.rela.dtors)

.rel.got
 *(.rel.got)

.rela.got
 *(.rela.got)

.rel.bss
 *(.rel.bss)

.rela.bss
 *(.rela.bss)

.rel.plt
 *(.rel.plt)

.rela.plt
 *(.rela.plt)

.text           0x00000000      0x956
 *(.vectors)
 .vectors       0x00000000       0x54 C:/Program Files (x86)/Atmel/Studio/7.0/Packs/atmel/ATmega_DFP/1.7.374/gcc/dev/atmega32/avr5/crtatmega32.o
                0x00000000                __vector_default
                0x00000000                __vectors
 *(.vectors)
 *(.progmem.gcc*)
 .progmem.gcc_sw_table.DIO_voidSetPinDirection
                0x00000054       0x10 MCAL/DIO/Dio.o
 .progmem.gcc_sw_table.DIO_voidSetPinValue
                0x00000064       0x10 MCAL/DIO/Dio.o
                0x00000074                . = ALIGN (0x2)
                0x00000074                __trampolines_start = .
 *(.trampolines)
 .trampolines   0x00000074        0x0 linker stubs
 *(.trampolines*)
                0x00000074                __trampolines_end = .
 *libprintf_flt.a:*(.progmem.data)
 *libc.a:*(.progmem.data)
 *(.progmem*)
                0x00000074                . = ALIGN (0x2)
 *(.jumptables)
 *(.jumptables*)
 *(.lowtext)
 *(.lowtext*)
                0x00000074                __ctors_start = .
 *(.ctors)
                0x00000074                __ctors_end = .
                0x00000074                __dtors_start = .
 *(.dtors)
                0x00000074                __dtors_end = .
 SORT(*)(.ctors)
 SORT(*)(.dtors)
 *(.init0)
 .init0         0x00000074        0x0 C:/Program Files (x86)/Atmel/Studio/7.0/Packs/atmel/ATmega_DFP/1.7.374/gcc/dev/atmega32/avr5/crtatmega32.o
                0x00000074                __init
 *(.init0)
 *(.init1)
 *(.init1)
 *(.init2)
 .init2         0x00000074        0xc C:/Program Files (x86)/Atmel/Studio/7.0/Packs/atmel/ATmega_DFP/1.7.374/gcc/dev/atmega32/avr5/crtatmega32.o
 *(.init2)
 *(.init3)
 *(.init3)
 *(.init4)
 .init4         0x00000080       0x16 c:/program files (x86)/atmel/studio/7.0/toolchain/avr8/avr8-gnu-toolchain/bin/../lib/gcc/avr/5.4.0/avr5\libgcc.a(_copy_data.o)
                0x00000080                __do_copy_data
 .init4         0x00000096       0x10 c:/program files (x86)/atmel/studio/7.0/toolchain/avr8/avr8-gnu-toolchain/bin/../lib/gcc/avr/5.4.0/avr5\libgcc.a(_clear_bss.o)
                0x00000096                __do_clear_bss
 *(.init4)
 *(.init5)
 *(.init5)
 *(.init6)
 *(.init6)
 *(.init7)
 *(.init7)
 *(.init8)
 *(.init8)
 *(.init9)
 .init9         0x000000a6        0x8 C:/Program Files (x86)/Atmel/Studio/7.0/Packs/atmel/ATmega_DFP/1.7.374/gcc/dev/atmega32/avr5/crtatmega32.o
 *(.init9)
 *(.text)
 .text          0x000000ae        0x4 C:/Program Files (x86)/Atmel/Studio/7.0/Packs/atmel/ATmega_DFP/1.7.374/gcc/dev/atmega32/avr5/crtatmega32.o
                0x000000ae                __vector_12
                0x000000ae                __bad_interrupt
                0x000000ae                __vector_17
                0x000000ae                __vector_19
                0x000000ae                __vector_5
                0x000000ae                __vector_4
                0x000000ae                __vector_14
                0x000000ae                __vector_18
                0x000000ae                __vector_20
                0x000000b2                . = ALIGN (0x2)
 *(.text.*)
 .text.sevseg_init
                0x000000b2       0x92 HAL/7SEG/sevensegment.o
                0x000000b2                sevseg_init
 .text.fingerprint_init
                0x00000144       0x1e HAL/FingerPrint/fingerprint.o
                0x00000144                fingerprint_init
 .text.FingerPS_handShake
                0x00000162       0x64 HAL/FingerPrint/fingerprint.o
                0x00000162                FingerPS_handShake
 .text.keypad_init
                0x000001c6       0x92 HAL/KeyPad/keypad.o
                0x000001c6                keypad_init
 .text.H_LCD_void_latchByte
                0x00000258       0x9c HAL/LCD/lcd.o
 .text.H_LCD_void_sendData
                0x000002f4       0x26 HAL/LCD/lcd.o
                0x000002f4                H_LCD_void_sendData
 .text.H_LCD_void_sendCommand
                0x0000031a       0x26 HAL/LCD/lcd.o
                0x0000031a                H_LCD_void_sendCommand
 .text.H_LCD_void_Init
                0x00000340       0xc2 HAL/LCD/lcd.o
                0x00000340                H_LCD_void_Init
 .text.main     0x00000402       0x2c main.o
                0x00000402                main
 .text.ADC_Init
                0x0000042e       0x24 MCAL/ADC/adc.o
                0x0000042e                ADC_Init
 .text.__vector_16
                0x00000452       0x52 MCAL/ADC/adc.o
                0x00000452                __vector_16
 .text.DIO_voidSetPinDirection
                0x000004a4       0x7c MCAL/DIO/Dio.o
                0x000004a4                DIO_voidSetPinDirection
 .text.DIO_voidSetPinValue
                0x00000520       0x7c MCAL/DIO/Dio.o
                0x00000520                DIO_voidSetPinValue
 .text.__vector_1
                0x0000059c       0x52 MCAL/EXT_INT/EXTINT.o
                0x0000059c                __vector_1
 .text.__vector_2
                0x000005ee       0x52 MCAL/EXT_INT/EXTINT.o
                0x000005ee                __vector_2
 .text.__vector_3
                0x00000640       0x52 MCAL/EXT_INT/EXTINT.o
                0x00000640                __vector_3
 .text.__vector_11
                0x00000692       0x52 MCAL/Timer/Timer.o
                0x00000692                __vector_11
 .text.__vector_10
                0x000006e4       0x52 MCAL/Timer/Timer.o
                0x000006e4                __vector_10
 .text.__vector_9
                0x00000736       0x52 MCAL/Timer/Timer.o
                0x00000736                __vector_9
 .text.__vector_7
                0x00000788       0x52 MCAL/Timer/Timer.o
                0x00000788                __vector_7
 .text.__vector_8
                0x000007da       0x52 MCAL/Timer/Timer.o
                0x000007da                __vector_8
 .text.__vector_6
                0x0000082c       0x52 MCAL/Timer/Timer.o
                0x0000082c                __vector_6
 .text.Uart_Init
                0x0000087e       0x10 MCAL/UART/uart.o
                0x0000087e                Uart_Init
 .text.Uart_SendData
                0x0000088e        0x8 MCAL/UART/uart.o
                0x0000088e                Uart_SendData
 .text.Uart_RecieveData
                0x00000896        0xc MCAL/UART/uart.o
                0x00000896                Uart_RecieveData
 .text.__vector_13
                0x000008a2       0x52 MCAL/UART/uart.o
                0x000008a2                __vector_13
 .text.__vector_15
                0x000008f4       0x52 MCAL/UART/uart.o
                0x000008f4                __vector_15
 .text.libgcc   0x00000946        0xc c:/program files (x86)/atmel/studio/7.0/toolchain/avr8/avr8-gnu-toolchain/bin/../lib/gcc/avr/5.4.0/avr5\libgcc.a(_tablejump2.o)
                0x00000946                __tablejump2__
                0x00000952                . = ALIGN (0x2)
 *(.fini9)
 .fini9         0x00000952        0x0 c:/program files (x86)/atmel/studio/7.0/toolchain/avr8/avr8-gnu-toolchain/bin/../lib/gcc/avr/5.4.0/avr5\libgcc.a(_exit.o)
                0x00000952                _exit
                0x00000952                exit
 *(.fini9)
 *(.fini8)
 *(.fini8)
 *(.fini7)
 *(.fini7)
 *(.fini6)
 *(.fini6)
 *(.fini5)
 *(.fini5)
 *(.fini4)
 *(.fini4)
 *(.fini3)
 *(.fini3)
 *(.fini2)
 *(.fini2)
 *(.fini1)
 *(.fini1)
 *(.fini0)
 .fini0         0x00000952        0x4 c:/program files (x86)/atmel/studio/7.0/toolchain/avr8/avr8-gnu-toolchain/bin/../lib/gcc/avr/5.4.0/avr5\libgcc.a(_exit.o)
 *(.fini0)
                0x00000956                _etext = .

.data           0x00800060        0x4 load address 0x00000956
                0x00800060                PROVIDE (__data_start, .)
 *(.data)
 *(.data*)
 .data.LCD_pins
                0x00800060        0x4 HAL/LCD/lcd.o
                0x00800060                LCD_pins
 *(.gnu.linkonce.d*)
 *(.rodata)
 *(.rodata*)
 *(.gnu.linkonce.r*)
                0x00800064                . = ALIGN (0x2)
                0x00800064                _edata = .
                0x00800064                PROVIDE (__data_end, .)

.bss            0x00800064       0x18
                0x00800064                PROVIDE (__bss_start, .)
 *(.bss)
 *(.bss*)
 .bss.EXT_INT_ptr
                0x00800064        0x2 MCAL/ADC/adc.o
                0x00800064                EXT_INT_ptr
 .bss.p_NTI     0x00800066        0x6 MCAL/EXT_INT/EXTINT.o
                0x00800066                p_NTI
 .bss.Timer1_ICU_Fptr
                0x0080006c        0x2 MCAL/Timer/Timer.o
 .bss.Timer1_OCB_Fptr
                0x0080006e        0x2 MCAL/Timer/Timer.o
 .bss.Timer1_OCA_Fptr
                0x00800070        0x2 MCAL/Timer/Timer.o
 .bss.Timer1_OVF_Fptr
                0x00800072        0x2 MCAL/Timer/Timer.o
 .bss.CM_ptr    0x00800074        0x2 MCAL/Timer/Timer.o
                0x00800074                CM_ptr
 .bss.OVF_ptr   0x00800076        0x2 MCAL/Timer/Timer.o
                0x00800076                OVF_ptr
 .bss.Uart_TX_Fptr
                0x00800078        0x2 MCAL/UART/uart.o
 .bss.Uart_RX_Fptr
                0x0080007a        0x2 MCAL/UART/uart.o
 *(COMMON)
                0x0080007c                PROVIDE (__bss_end, .)
                0x00000956                __data_load_start = LOADADDR (.data)
                0x0000095a                __data_load_end = (__data_load_start + SIZEOF (.data))

.noinit         0x0080007c        0x0
                [!provide]                PROVIDE (__noinit_start, .)
 *(.noinit*)
                [!provide]                PROVIDE (__noinit_end, .)
                0x0080007c                _end = .
                [!provide]                PROVIDE (__heap_start, .)

.eeprom         0x00810000        0x0
 *(.eeprom*)
                0x00810000                __eeprom_end = .

.fuse
 *(.fuse)
 *(.lfuse)
 *(.hfuse)
 *(.efuse)

.lock
 *(.lock*)

.signature
 *(.signature*)

.user_signatures
 *(.user_signatures*)

.stab
 *(.stab)

.stabstr
 *(.stabstr)

.stab.excl
 *(.stab.excl)

.stab.exclstr
 *(.stab.exclstr)

.stab.index
 *(.stab.index)

.stab.indexstr
 *(.stab.indexstr)

.comment        0x00000000       0x30
 *(.comment)
 .comment       0x00000000       0x30 HAL/7SEG/sevensegment.o
                                 0x31 (size before relaxing)
 .comment       0x00000030       0x31 HAL/FingerPrint/fingerprint.o
 .comment       0x00000030       0x31 HAL/KeyPad/keypad.o
 .comment       0x00000030       0x31 HAL/LCD/lcd.o
 .comment       0x00000030       0x31 main.o
 .comment       0x00000030       0x31 MCAL/ADC/adc.o
 .comment       0x00000030       0x31 MCAL/DIO/Dio.o
 .comment       0x00000030       0x31 MCAL/EXT_INT/EXTINT.o
 .comment       0x00000030       0x31 MCAL/Timer/Timer.o
 .comment       0x00000030       0x31 MCAL/UART/uart.o

.note.gnu.avr.deviceinfo
                0x00000000       0x3c
 .note.gnu.avr.deviceinfo
                0x00000000       0x3c C:/Program Files (x86)/Atmel/Studio/7.0/Packs/atmel/ATmega_DFP/1.7.374/gcc/dev/atmega32/avr5/crtatmega32.o

.note.gnu.build-id
 *(.note.gnu.build-id)

.debug
 *(.debug)

.line
 *(.line)

.debug_srcinfo
 *(.debug_srcinfo)

.debug_sfnames
 *(.debug_sfnames)

.debug_aranges  0x00000000      0x418
 *(.debug_aranges)
 .debug_aranges
                0x00000000       0x30 HAL/7SEG/sevensegment.o
 .debug_aranges
                0x00000030       0x70 HAL/FingerPrint/fingerprint.o
 .debug_aranges
                0x000000a0       0x30 HAL/KeyPad/keypad.o
 .debug_aranges
                0x000000d0       0x68 HAL/LCD/lcd.o
 .debug_aranges
                0x00000138       0x38 main.o
 .debug_aranges
                0x00000170       0x50 MCAL/ADC/adc.o
 .debug_aranges
                0x000001c0       0x50 MCAL/DIO/Dio.o
 .debug_aranges
                0x00000210       0x48 MCAL/EXT_INT/EXTINT.o
 .debug_aranges
                0x00000258      0x138 MCAL/Timer/Timer.o
 .debug_aranges
                0x00000390       0x88 MCAL/UART/uart.o

.debug_pubnames
 *(.debug_pubnames)

.debug_info     0x00000000     0x4ad8
 *(.debug_info .gnu.linkonce.wi.*)
 .debug_info    0x00000000      0x4e6 C:/Program Files (x86)/Atmel/Studio/7.0/Packs/atmel/ATmega_DFP/1.7.374/gcc/dev/atmega32/avr5/crtatmega32.o
 .debug_info    0x000004e6      0xb92 HAL/7SEG/sevensegment.o
 .debug_info    0x00001078     0x1172 HAL/FingerPrint/fingerprint.o
 .debug_info    0x000021ea      0x568 HAL/KeyPad/keypad.o
 .debug_info    0x00002752      0x998 HAL/LCD/lcd.o
 .debug_info    0x000030ea      0x5b7 main.o
 .debug_info    0x000036a1      0x1f1 MCAL/ADC/adc.o
 .debug_info    0x00003892      0x3d5 MCAL/DIO/Dio.o
 .debug_info    0x00003c67      0x1a8 MCAL/EXT_INT/EXTINT.o
 .debug_info    0x00003e0f      0x9bc MCAL/Timer/Timer.o
 .debug_info    0x000047cb      0x30d MCAL/UART/uart.o

.debug_abbrev   0x00000000     0x14a8
 *(.debug_abbrev)
 .debug_abbrev  0x00000000      0x4a3 C:/Program Files (x86)/Atmel/Studio/7.0/Packs/atmel/ATmega_DFP/1.7.374/gcc/dev/atmega32/avr5/crtatmega32.o
 .debug_abbrev  0x000004a3      0x1a2 HAL/7SEG/sevensegment.o
 .debug_abbrev  0x00000645      0x170 HAL/FingerPrint/fingerprint.o
 .debug_abbrev  0x000007b5      0x166 HAL/KeyPad/keypad.o
 .debug_abbrev  0x0000091b      0x238 HAL/LCD/lcd.o
 .debug_abbrev  0x00000b53      0x1bb main.o
 .debug_abbrev  0x00000d0e      0x121 MCAL/ADC/adc.o
 .debug_abbrev  0x00000e2f      0x17f MCAL/DIO/Dio.o
 .debug_abbrev  0x00000fae       0xe5 MCAL/EXT_INT/EXTINT.o
 .debug_abbrev  0x00001093      0x276 MCAL/Timer/Timer.o
 .debug_abbrev  0x00001309      0x19f MCAL/UART/uart.o

.debug_line     0x00000000     0x2444
 *(.debug_line .debug_line.* .debug_line_end)
 .debug_line    0x00000000      0x116 C:/Program Files (x86)/Atmel/Studio/7.0/Packs/atmel/ATmega_DFP/1.7.374/gcc/dev/atmega32/avr5/crtatmega32.o
 .debug_line    0x00000116      0x3e1 HAL/7SEG/sevensegment.o
 .debug_line    0x000004f7      0x623 HAL/FingerPrint/fingerprint.o
 .debug_line    0x00000b1a      0x223 HAL/KeyPad/keypad.o
 .debug_line    0x00000d3d      0x47c HAL/LCD/lcd.o
 .debug_line    0x000011b9      0x33b main.o
 .debug_line    0x000014f4      0x208 MCAL/ADC/adc.o
 .debug_line    0x000016fc      0x21b MCAL/DIO/Dio.o
 .debug_line    0x00001917      0x1d6 MCAL/EXT_INT/EXTINT.o
 .debug_line    0x00001aed      0x6e3 MCAL/Timer/Timer.o
 .debug_line    0x000021d0      0x274 MCAL/UART/uart.o

.debug_frame    0x00000000      0xcd0
 *(.debug_frame)
 .debug_frame   0x00000000       0x64 HAL/7SEG/sevensegment.o
 .debug_frame   0x00000064      0x1c0 HAL/FingerPrint/fingerprint.o
 .debug_frame   0x00000224       0x6c HAL/KeyPad/keypad.o
 .debug_frame   0x00000290      0x13c HAL/LCD/lcd.o
 .debug_frame   0x000003cc       0x54 main.o
 .debug_frame   0x00000420       0xcc MCAL/ADC/adc.o
 .debug_frame   0x000004ec       0xac MCAL/DIO/Dio.o
 .debug_frame   0x00000598      0x14c MCAL/EXT_INT/EXTINT.o
 .debug_frame   0x000006e4      0x448 MCAL/Timer/Timer.o
 .debug_frame   0x00000b2c      0x1a4 MCAL/UART/uart.o

.debug_str      0x00000000     0x1614
 *(.debug_str)
 .debug_str     0x00000000      0x196 C:/Program Files (x86)/Atmel/Studio/7.0/Packs/atmel/ATmega_DFP/1.7.374/gcc/dev/atmega32/avr5/crtatmega32.o
 .debug_str     0x00000196      0x22e HAL/7SEG/sevensegment.o
                                0x267 (size before relaxing)
 .debug_str     0x000003c4      0x431 HAL/FingerPrint/fingerprint.o
                                0x5d0 (size before relaxing)
 .debug_str     0x000007f5       0x87 HAL/KeyPad/keypad.o
                                0x26c (size before relaxing)
 .debug_str     0x0000087c      0x15a HAL/LCD/lcd.o
                                0x39e (size before relaxing)
 .debug_str     0x000009d6      0x158 main.o
                                0x67e (size before relaxing)
 .debug_str     0x00000b2e      0x101 MCAL/ADC/adc.o
                                0x25a (size before relaxing)
 .debug_str     0x00000c2f       0x5c MCAL/DIO/Dio.o
                                0x241 (size before relaxing)
 .debug_str     0x00000c8b       0xc7 MCAL/EXT_INT/EXTINT.o
                                0x21b (size before relaxing)
 .debug_str     0x00000d52      0x78a MCAL/Timer/Timer.o
                                0x8fe (size before relaxing)
 .debug_str     0x000014dc      0x138 MCAL/UART/uart.o
                                0x2ba (size before relaxing)

.debug_loc      0x00000000     0x26d5
 *(.debug_loc)
 .debug_loc     0x00000000      0x445 HAL/7SEG/sevensegment.o
 .debug_loc     0x00000445      0x78e HAL/FingerPrint/fingerprint.o
 .debug_loc     0x00000bd3      0x17c HAL/KeyPad/keypad.o
 .debug_loc     0x00000d4f      0x724 HAL/LCD/lcd.o
 .debug_loc     0x00001473       0x1e main.o
 .debug_loc     0x00001491      0x16a MCAL/ADC/adc.o
 .debug_loc     0x000015fb      0x1e7 MCAL/DIO/Dio.o
 .debug_loc     0x000017e2      0x312 MCAL/EXT_INT/EXTINT.o
 .debug_loc     0x00001af4      0x91b MCAL/Timer/Timer.o
 .debug_loc     0x0000240f      0x2c6 MCAL/UART/uart.o

.debug_macinfo
 *(.debug_macinfo)

.debug_weaknames
 *(.debug_weaknames)

.debug_funcnames
 *(.debug_funcnames)

.debug_typenames
 *(.debug_typenames)

.debug_varnames
 *(.debug_varnames)

.debug_pubtypes
 *(.debug_pubtypes)

.debug_ranges   0x00000000      0x3a8
 *(.debug_ranges)
 .debug_ranges  0x00000000       0x20 HAL/7SEG/sevensegment.o
 .debug_ranges  0x00000020       0x60 HAL/FingerPrint/fingerprint.o
 .debug_ranges  0x00000080       0x20 HAL/KeyPad/keypad.o
 .debug_ranges  0x000000a0       0x88 HAL/LCD/lcd.o
 .debug_ranges  0x00000128       0x28 main.o
 .debug_ranges  0x00000150       0x40 MCAL/ADC/adc.o
 .debug_ranges  0x00000190       0x40 MCAL/DIO/Dio.o
 .debug_ranges  0x000001d0       0x38 MCAL/EXT_INT/EXTINT.o
 .debug_ranges  0x00000208      0x128 MCAL/Timer/Timer.o
 .debug_ranges  0x00000330       0x78 MCAL/UART/uart.o

.debug_macro
 *(.debug_macro)
OUTPUT(NTI_AVR.elf elf32-avr)
LOAD linker stubs
